Warning: You are sending unauthenticated requests to the HF Hub. Please set a HF_TOKEN to enable higher rate limits and faster downloads.
Testing Nutrition Agent Flow...
Loading Food Recognition model: nateraw/food on mps...
Loading weights:   0%|          | 0/200 [00:00<?, ?it/s]Loading weights:   0%|          | 1/200 [00:00<00:00, 3816.47it/s, Materializing param=classifier.bias]Loading weights:   0%|          | 1/200 [00:00<00:00, 3066.01it/s, Materializing param=classifier.bias]Loading weights:   1%|          | 2/200 [00:00<00:00, 3154.80it/s, Materializing param=classifier.weight]Loading weights:   1%|          | 2/200 [00:00<00:00, 2976.79it/s, Materializing param=classifier.weight]Loading weights:   2%|▏         | 3/200 [00:00<00:00, 3963.12it/s, Materializing param=vit.embeddings.cls_token]Loading weights:   2%|▏         | 3/200 [00:00<00:00, 3760.58it/s, Materializing param=vit.embeddings.cls_token]Loading weights:   2%|▏         | 4/200 [00:00<00:00, 4534.38it/s, Materializing param=vit.embeddings.patch_embeddings.projection.bias]Loading weights:   2%|▏         | 4/200 [00:00<00:00, 4401.16it/s, Materializing param=vit.embeddings.patch_embeddings.projection.bias]Loading weights:   2%|▎         | 5/200 [00:00<00:00, 5170.49it/s, Materializing param=vit.embeddings.patch_embeddings.projection.weight]Loading weights:   2%|▎         | 5/200 [00:00<00:00, 5035.18it/s, Materializing param=vit.embeddings.patch_embeddings.projection.weight]Loading weights:   3%|▎         | 6/200 [00:00<00:00, 5786.58it/s, Materializing param=vit.embeddings.position_embeddings]               Loading weights:   3%|▎         | 6/200 [00:00<00:00, 5648.89it/s, Materializing param=vit.embeddings.position_embeddings]Loading weights:   4%|▎         | 7/200 [00:00<00:00, 6346.76it/s, Materializing param=vit.encoder.layer.0.attention.attention.key.bias]Loading weights:   4%|▎         | 7/200 [00:00<00:00, 6228.28it/s, Materializing param=vit.encoder.layer.0.attention.attention.key.bias]Loading weights:   4%|▍         | 8/200 [00:00<00:00, 6814.47it/s, Materializing param=vit.encoder.layer.0.attention.attention.key.weight]Loading weights:   4%|▍         | 8/200 [00:00<00:00, 6694.82it/s, Materializing param=vit.encoder.layer.0.attention.attention.key.weight]Loading weights:   4%|▍         | 9/200 [00:00<00:00, 7293.03it/s, Materializing param=vit.encoder.layer.0.attention.attention.query.bias]Loading weights:   4%|▍         | 9/200 [00:00<00:00, 7142.62it/s, Materializing param=vit.encoder.layer.0.attention.attention.query.bias]Loading weights:   5%|▌         | 10/200 [00:00<00:00, 7710.12it/s, Materializing param=vit.encoder.layer.0.attention.attention.query.weight]Loading weights:   5%|▌         | 10/200 [00:00<00:00, 7558.67it/s, Materializing param=vit.encoder.layer.0.attention.attention.query.weight]Loading weights:   6%|▌         | 11/200 [00:00<00:00, 8081.51it/s, Materializing param=vit.encoder.layer.0.attention.attention.value.bias]  Loading weights:   6%|▌         | 11/200 [00:00<00:00, 7949.23it/s, Materializing param=vit.encoder.layer.0.attention.attention.value.bias]Loading weights:   6%|▌         | 12/200 [00:00<00:00, 4773.03it/s, Materializing param=vit.encoder.layer.0.attention.attention.value.weight]Loading weights:   6%|▌         | 12/200 [00:00<00:00, 4718.89it/s, Materializing param=vit.encoder.layer.0.attention.attention.value.weight]Loading weights:   6%|▋         | 13/200 [00:00<00:00, 5013.88it/s, Materializing param=vit.encoder.layer.0.attention.output.dense.bias]     Loading weights:   6%|▋         | 13/200 [00:00<00:00, 4975.45it/s, Materializing param=vit.encoder.layer.0.attention.output.dense.bias]Loading weights:   7%|▋         | 14/200 [00:00<00:00, 5261.20it/s, Materializing param=vit.encoder.layer.0.attention.output.dense.weight]Loading weights:   7%|▋         | 14/200 [00:00<00:00, 5220.04it/s, Materializing param=vit.encoder.layer.0.attention.output.dense.weight]Loading weights:   8%|▊         | 15/200 [00:00<00:00, 5506.74it/s, Materializing param=vit.encoder.layer.0.intermediate.dense.bias]      Loading weights:   8%|▊         | 15/200 [00:00<00:00, 4963.67it/s, Materializing param=vit.encoder.layer.0.intermediate.dense.bias]Loading weights:   8%|▊         | 16/200 [00:00<00:00, 5211.93it/s, Materializing param=vit.encoder.layer.0.intermediate.dense.weight]Loading weights:   8%|▊         | 16/200 [00:00<00:00, 5172.96it/s, Materializing param=vit.encoder.layer.0.intermediate.dense.weight]Loading weights:   8%|▊         | 17/200 [00:00<00:00, 5426.01it/s, Materializing param=vit.encoder.layer.0.layernorm_after.bias]     Loading weights:   8%|▊         | 17/200 [00:00<00:00, 5388.69it/s, Materializing param=vit.encoder.layer.0.layernorm_after.bias]Loading weights:   9%|▉         | 18/200 [00:00<00:00, 5617.79it/s, Materializing param=vit.encoder.layer.0.layernorm_after.weight]Loading weights:   9%|▉         | 18/200 [00:00<00:00, 5584.96it/s, Materializing param=vit.encoder.layer.0.layernorm_after.weight]Loading weights:  10%|▉         | 19/200 [00:00<00:00, 5515.38it/s, Materializing param=vit.encoder.layer.0.layernorm_before.bias] Loading weights:  10%|▉         | 19/200 [00:00<00:00, 5477.10it/s, Materializing param=vit.encoder.layer.0.layernorm_before.bias]Loading weights:  10%|█         | 20/200 [00:00<00:00, 5696.46it/s, Materializing param=vit.encoder.layer.0.layernorm_before.weight]Loading weights:  10%|█         | 20/200 [00:00<00:00, 5664.15it/s, Materializing param=vit.encoder.layer.0.layernorm_before.weight]Loading weights:  10%|█         | 21/200 [00:00<00:00, 5892.45it/s, Materializing param=vit.encoder.layer.0.output.dense.bias]      Loading weights:  10%|█         | 21/200 [00:00<00:00, 5859.53it/s, Materializing param=vit.encoder.layer.0.output.dense.bias]Loading weights:  11%|█         | 22/200 [00:00<00:00, 6055.56it/s, Materializing param=vit.encoder.layer.0.output.dense.weight]Loading weights:  11%|█         | 22/200 [00:00<00:00, 6022.37it/s, Materializing param=vit.encoder.layer.0.output.dense.weight]Loading weights:  12%|█▏        | 23/200 [00:00<00:00, 6239.91it/s, Materializing param=vit.encoder.layer.1.attention.attention.key.bias]Loading weights:  12%|█▏        | 23/200 [00:00<00:00, 6201.00it/s, Materializing param=vit.encoder.layer.1.attention.attention.key.bias]Loading weights:  12%|█▏        | 24/200 [00:00<00:00, 6287.92it/s, Materializing param=vit.encoder.layer.1.attention.attention.key.weight]Loading weights:  12%|█▏        | 24/200 [00:00<00:00, 6256.26it/s, Materializing param=vit.encoder.layer.1.attention.attention.key.weight]Loading weights:  12%|█▎        | 25/200 [00:00<00:00, 6464.71it/s, Materializing param=vit.encoder.layer.1.attention.attention.query.bias]Loading weights:  12%|█▎        | 25/200 [00:00<00:00, 6436.93it/s, Materializing param=vit.encoder.layer.1.attention.attention.query.bias]Loading weights:  13%|█▎        | 26/200 [00:00<00:00, 6649.51it/s, Materializing param=vit.encoder.layer.1.attention.attention.query.weight]Loading weights:  13%|█▎        | 26/200 [00:00<00:00, 6620.84it/s, Materializing param=vit.encoder.layer.1.attention.attention.query.weight]Loading weights:  14%|█▎        | 27/200 [00:00<00:00, 6827.00it/s, Materializing param=vit.encoder.layer.1.attention.attention.value.bias]  Loading weights:  14%|█▎        | 27/200 [00:00<00:00, 6799.53it/s, Materializing param=vit.encoder.layer.1.attention.attention.value.bias]Loading weights:  14%|█▍        | 28/200 [00:00<00:00, 7002.18it/s, Materializing param=vit.encoder.layer.1.attention.attention.value.weight]Loading weights:  14%|█▍        | 28/200 [00:00<00:00, 6970.18it/s, Materializing param=vit.encoder.layer.1.attention.attention.value.weight]Loading weights:  14%|█▍        | 29/200 [00:00<00:00, 7171.44it/s, Materializing param=vit.encoder.layer.1.attention.output.dense.bias]     Loading weights:  14%|█▍        | 29/200 [00:00<00:00, 7142.80it/s, Materializing param=vit.encoder.layer.1.attention.output.dense.bias]Loading weights:  15%|█▌        | 30/200 [00:00<00:00, 7333.13it/s, Materializing param=vit.encoder.layer.1.attention.output.dense.weight]Loading weights:  15%|█▌        | 30/200 [00:00<00:00, 7306.73it/s, Materializing param=vit.encoder.layer.1.attention.output.dense.weight]Loading weights:  16%|█▌        | 31/200 [00:00<00:00, 7500.63it/s, Materializing param=vit.encoder.layer.1.intermediate.dense.bias]      Loading weights:  16%|█▌        | 31/200 [00:00<00:00, 7473.90it/s, Materializing param=vit.encoder.layer.1.intermediate.dense.bias]Loading weights:  16%|█▌        | 32/200 [00:00<00:00, 7664.77it/s, Materializing param=vit.encoder.layer.1.intermediate.dense.weight]Loading weights:  16%|█▌        | 32/200 [00:00<00:00, 7635.55it/s, Materializing param=vit.encoder.layer.1.intermediate.dense.weight]Loading weights:  16%|█▋        | 33/200 [00:00<00:00, 7827.41it/s, Materializing param=vit.encoder.layer.1.layernorm_after.bias]     Loading weights:  16%|█▋        | 33/200 [00:00<00:00, 7799.62it/s, Materializing param=vit.encoder.layer.1.layernorm_after.bias]Loading weights:  17%|█▋        | 34/200 [00:00<00:00, 7986.91it/s, Materializing param=vit.encoder.layer.1.layernorm_after.weight]Loading weights:  17%|█▋        | 34/200 [00:00<00:00, 7958.83it/s, Materializing param=vit.encoder.layer.1.layernorm_after.weight]Loading weights:  18%|█▊        | 35/200 [00:00<00:00, 8143.38it/s, Materializing param=vit.encoder.layer.1.layernorm_before.bias] Loading weights:  18%|█▊        | 35/200 [00:00<00:00, 8115.02it/s, Materializing param=vit.encoder.layer.1.layernorm_before.bias]Loading weights:  18%|█▊        | 36/200 [00:00<00:00, 8300.53it/s, Materializing param=vit.encoder.layer.1.layernorm_before.weight]Loading weights:  18%|█▊        | 36/200 [00:00<00:00, 8272.34it/s, Materializing param=vit.encoder.layer.1.layernorm_before.weight]Loading weights:  18%|█▊        | 37/200 [00:00<00:00, 8451.19it/s, Materializing param=vit.encoder.layer.1.output.dense.bias]      Loading weights:  18%|█▊        | 37/200 [00:00<00:00, 8422.75it/s, Materializing param=vit.encoder.layer.1.output.dense.bias]Loading weights:  19%|█▉        | 38/200 [00:00<00:00, 8601.38it/s, Materializing param=vit.encoder.layer.1.output.dense.weight]Loading weights:  19%|█▉        | 38/200 [00:00<00:00, 8571.77it/s, Materializing param=vit.encoder.layer.1.output.dense.weight]Loading weights:  20%|█▉        | 39/200 [00:00<00:00, 8748.41it/s, Materializing param=vit.encoder.layer.2.attention.attention.key.bias]Loading weights:  20%|█▉        | 39/200 [00:00<00:00, 8719.04it/s, Materializing param=vit.encoder.layer.2.attention.attention.key.bias]Loading weights:  20%|██        | 40/200 [00:00<00:00, 8885.30it/s, Materializing param=vit.encoder.layer.2.attention.attention.key.weight]Loading weights:  20%|██        | 40/200 [00:00<00:00, 8855.28it/s, Materializing param=vit.encoder.layer.2.attention.attention.key.weight]Loading weights:  20%|██        | 41/200 [00:00<00:00, 9023.32it/s, Materializing param=vit.encoder.layer.2.attention.attention.query.bias]Loading weights:  20%|██        | 41/200 [00:00<00:00, 8993.12it/s, Materializing param=vit.encoder.layer.2.attention.attention.query.bias]Loading weights:  21%|██        | 42/200 [00:00<00:00, 9158.35it/s, Materializing param=vit.encoder.layer.2.attention.attention.query.weight]Loading weights:  21%|██        | 42/200 [00:00<00:00, 9128.45it/s, Materializing param=vit.encoder.layer.2.attention.attention.query.weight]Loading weights:  22%|██▏       | 43/200 [00:00<00:00, 9289.47it/s, Materializing param=vit.encoder.layer.2.attention.attention.value.bias]  Loading weights:  22%|██▏       | 43/200 [00:00<00:00, 9259.42it/s, Materializing param=vit.encoder.layer.2.attention.attention.value.bias]Loading weights:  22%|██▏       | 44/200 [00:00<00:00, 9422.03it/s, Materializing param=vit.encoder.layer.2.attention.attention.value.weight]Loading weights:  22%|██▏       | 44/200 [00:00<00:00, 9389.91it/s, Materializing param=vit.encoder.layer.2.attention.attention.value.weight]Loading weights:  22%|██▎       | 45/200 [00:00<00:00, 9546.49it/s, Materializing param=vit.encoder.layer.2.attention.output.dense.bias]     Loading weights:  22%|██▎       | 45/200 [00:00<00:00, 9513.77it/s, Materializing param=vit.encoder.layer.2.attention.output.dense.bias]Loading weights:  23%|██▎       | 46/200 [00:00<00:00, 9674.47it/s, Materializing param=vit.encoder.layer.2.attention.output.dense.weight]Loading weights:  23%|██▎       | 46/200 [00:00<00:00, 9643.52it/s, Materializing param=vit.encoder.layer.2.attention.output.dense.weight]Loading weights:  24%|██▎       | 47/200 [00:00<00:00, 9801.72it/s, Materializing param=vit.encoder.layer.2.intermediate.dense.bias]      Loading weights:  24%|██▎       | 47/200 [00:00<00:00, 9769.66it/s, Materializing param=vit.encoder.layer.2.intermediate.dense.bias]Loading weights:  24%|██▍       | 48/200 [00:00<00:00, 9925.39it/s, Materializing param=vit.encoder.layer.2.intermediate.dense.weight]Loading weights:  24%|██▍       | 48/200 [00:00<00:00, 9895.14it/s, Materializing param=vit.encoder.layer.2.intermediate.dense.weight]Loading weights:  24%|██▍       | 49/200 [00:00<00:00, 10049.43it/s, Materializing param=vit.encoder.layer.2.layernorm_after.bias]    Loading weights:  24%|██▍       | 49/200 [00:00<00:00, 10018.57it/s, Materializing param=vit.encoder.layer.2.layernorm_after.bias]Loading weights:  25%|██▌       | 50/200 [00:00<00:00, 10141.95it/s, Materializing param=vit.encoder.layer.2.layernorm_after.weight]Loading weights:  25%|██▌       | 50/200 [00:00<00:00, 10111.14it/s, Materializing param=vit.encoder.layer.2.layernorm_after.weight]Loading weights:  26%|██▌       | 51/200 [00:00<00:00, 10261.91it/s, Materializing param=vit.encoder.layer.2.layernorm_before.bias] Loading weights:  26%|██▌       | 51/200 [00:00<00:00, 10230.50it/s, Materializing param=vit.encoder.layer.2.layernorm_before.bias]Loading weights:  26%|██▌       | 52/200 [00:00<00:00, 10381.45it/s, Materializing param=vit.encoder.layer.2.layernorm_before.weight]Loading weights:  26%|██▌       | 52/200 [00:00<00:00, 10348.44it/s, Materializing param=vit.encoder.layer.2.layernorm_before.weight]Loading weights:  26%|██▋       | 53/200 [00:00<00:00, 10492.69it/s, Materializing param=vit.encoder.layer.2.output.dense.bias]      Loading weights:  26%|██▋       | 53/200 [00:00<00:00, 10462.07it/s, Materializing param=vit.encoder.layer.2.output.dense.bias]Loading weights:  27%|██▋       | 54/200 [00:00<00:00, 10602.58it/s, Materializing param=vit.encoder.layer.2.output.dense.weight]Loading weights:  27%|██▋       | 54/200 [00:00<00:00, 10571.90it/s, Materializing param=vit.encoder.layer.2.output.dense.weight]Loading weights:  28%|██▊       | 55/200 [00:00<00:00, 10713.17it/s, Materializing param=vit.encoder.layer.3.attention.attention.key.bias]Loading weights:  28%|██▊       | 55/200 [00:00<00:00, 10681.92it/s, Materializing param=vit.encoder.layer.3.attention.attention.key.bias]Loading weights:  28%|██▊       | 56/200 [00:00<00:00, 10817.03it/s, Materializing param=vit.encoder.layer.3.attention.attention.key.weight]Loading weights:  28%|██▊       | 56/200 [00:00<00:00, 10786.23it/s, Materializing param=vit.encoder.layer.3.attention.attention.key.weight]Loading weights:  28%|██▊       | 57/200 [00:00<00:00, 10921.67it/s, Materializing param=vit.encoder.layer.3.attention.attention.query.bias]Loading weights:  28%|██▊       | 57/200 [00:00<00:00, 10888.34it/s, Materializing param=vit.encoder.layer.3.attention.attention.query.bias]Loading weights:  29%|██▉       | 58/200 [00:00<00:00, 11024.64it/s, Materializing param=vit.encoder.layer.3.attention.attention.query.weight]Loading weights:  29%|██▉       | 58/200 [00:00<00:00, 10993.25it/s, Materializing param=vit.encoder.layer.3.attention.attention.query.weight]Loading weights:  30%|██▉       | 59/200 [00:00<00:00, 11117.48it/s, Materializing param=vit.encoder.layer.3.attention.attention.value.bias]  Loading weights:  30%|██▉       | 59/200 [00:00<00:00, 11086.10it/s, Materializing param=vit.encoder.layer.3.attention.attention.value.bias]Loading weights:  30%|███       | 60/200 [00:00<00:00, 11219.22it/s, Materializing param=vit.encoder.layer.3.attention.attention.value.weight]Loading weights:  30%|███       | 60/200 [00:00<00:00, 11185.80it/s, Materializing param=vit.encoder.layer.3.attention.attention.value.weight]Loading weights:  30%|███       | 61/200 [00:00<00:00, 11300.91it/s, Materializing param=vit.encoder.layer.3.attention.output.dense.bias]     Loading weights:  30%|███       | 61/200 [00:00<00:00, 11267.07it/s, Materializing param=vit.encoder.layer.3.attention.output.dense.bias]Loading weights:  31%|███       | 62/200 [00:00<00:00, 11395.07it/s, Materializing param=vit.encoder.layer.3.attention.output.dense.weight]Loading weights:  31%|███       | 62/200 [00:00<00:00, 11361.21it/s, Materializing param=vit.encoder.layer.3.attention.output.dense.weight]Loading weights:  32%|███▏      | 63/200 [00:00<00:00, 11490.24it/s, Materializing param=vit.encoder.layer.3.intermediate.dense.bias]      Loading weights:  32%|███▏      | 63/200 [00:00<00:00, 11458.85it/s, Materializing param=vit.encoder.layer.3.intermediate.dense.bias]Loading weights:  32%|███▏      | 64/200 [00:00<00:00, 11588.48it/s, Materializing param=vit.encoder.layer.3.intermediate.dense.weight]Loading weights:  32%|███▏      | 64/200 [00:00<00:00, 11546.11it/s, Materializing param=vit.encoder.layer.3.intermediate.dense.weight]Loading weights:  32%|███▎      | 65/200 [00:00<00:00, 11663.31it/s, Materializing param=vit.encoder.layer.3.layernorm_after.bias]     Loading weights:  32%|███▎      | 65/200 [00:00<00:00, 11626.00it/s, Materializing param=vit.encoder.layer.3.layernorm_after.bias]Loading weights:  33%|███▎      | 66/200 [00:00<00:00, 11746.26it/s, Materializing param=vit.encoder.layer.3.layernorm_after.weight]Loading weights:  33%|███▎      | 66/200 [00:00<00:00, 11714.94it/s, Materializing param=vit.encoder.layer.3.layernorm_after.weight]Loading weights:  34%|███▎      | 67/200 [00:00<00:00, 11837.34it/s, Materializing param=vit.encoder.layer.3.layernorm_before.bias] Loading weights:  34%|███▎      | 67/200 [00:00<00:00, 11806.50it/s, Materializing param=vit.encoder.layer.3.layernorm_before.bias]Loading weights:  34%|███▍      | 68/200 [00:00<00:00, 11925.60it/s, Materializing param=vit.encoder.layer.3.layernorm_before.weight]Loading weights:  34%|███▍      | 68/200 [00:00<00:00, 11894.76it/s, Materializing param=vit.encoder.layer.3.layernorm_before.weight]Loading weights:  34%|███▍      | 69/200 [00:00<00:00, 12016.57it/s, Materializing param=vit.encoder.layer.3.output.dense.bias]      Loading weights:  34%|███▍      | 69/200 [00:00<00:00, 11985.21it/s, Materializing param=vit.encoder.layer.3.output.dense.bias]Loading weights:  35%|███▌      | 70/200 [00:00<00:00, 12106.77it/s, Materializing param=vit.encoder.layer.3.output.dense.weight]Loading weights:  35%|███▌      | 70/200 [00:00<00:00, 12075.40it/s, Materializing param=vit.encoder.layer.3.output.dense.weight]Loading weights:  36%|███▌      | 71/200 [00:00<00:00, 12195.24it/s, Materializing param=vit.encoder.layer.4.attention.attention.key.bias]Loading weights:  36%|███▌      | 71/200 [00:00<00:00, 12163.86it/s, Materializing param=vit.encoder.layer.4.attention.attention.key.bias]Loading weights:  36%|███▌      | 72/200 [00:00<00:00, 12255.59it/s, Materializing param=vit.encoder.layer.4.attention.attention.key.weight]Loading weights:  36%|███▌      | 72/200 [00:00<00:00, 12221.86it/s, Materializing param=vit.encoder.layer.4.attention.attention.key.weight]Loading weights:  36%|███▋      | 73/200 [00:00<00:00, 12335.69it/s, Materializing param=vit.encoder.layer.4.attention.attention.query.bias]Loading weights:  36%|███▋      | 73/200 [00:00<00:00, 12298.04it/s, Materializing param=vit.encoder.layer.4.attention.attention.query.bias]Loading weights:  37%|███▋      | 74/200 [00:00<00:00, 12407.70it/s, Materializing param=vit.encoder.layer.4.attention.attention.query.weight]Loading weights:  37%|███▋      | 74/200 [00:00<00:00, 12376.53it/s, Materializing param=vit.encoder.layer.4.attention.attention.query.weight]Loading weights:  38%|███▊      | 75/200 [00:00<00:00, 12485.52it/s, Materializing param=vit.encoder.layer.4.attention.attention.value.bias]  Loading weights:  38%|███▊      | 75/200 [00:00<00:00, 12454.38it/s, Materializing param=vit.encoder.layer.4.attention.attention.value.bias]Loading weights:  38%|███▊      | 76/200 [00:00<00:00, 12564.23it/s, Materializing param=vit.encoder.layer.4.attention.attention.value.weight]Loading weights:  38%|███▊      | 76/200 [00:00<00:00, 12533.11it/s, Materializing param=vit.encoder.layer.4.attention.attention.value.weight]Loading weights:  38%|███▊      | 77/200 [00:00<00:00, 12639.87it/s, Materializing param=vit.encoder.layer.4.attention.output.dense.bias]     Loading weights:  38%|███▊      | 77/200 [00:00<00:00, 12608.29it/s, Materializing param=vit.encoder.layer.4.attention.output.dense.bias]Loading weights:  39%|███▉      | 78/200 [00:00<00:00, 12713.96it/s, Materializing param=vit.encoder.layer.4.attention.output.dense.weight]Loading weights:  39%|███▉      | 78/200 [00:00<00:00, 12680.95it/s, Materializing param=vit.encoder.layer.4.attention.output.dense.weight]Loading weights:  40%|███▉      | 79/200 [00:00<00:00, 12791.46it/s, Materializing param=vit.encoder.layer.4.intermediate.dense.bias]      Loading weights:  40%|███▉      | 79/200 [00:00<00:00, 12758.46it/s, Materializing param=vit.encoder.layer.4.intermediate.dense.bias]Loading weights:  40%|████      | 80/200 [00:00<00:00, 12865.96it/s, Materializing param=vit.encoder.layer.4.intermediate.dense.weight]Loading weights:  40%|████      | 80/200 [00:00<00:00, 12834.96it/s, Materializing param=vit.encoder.layer.4.intermediate.dense.weight]Loading weights:  40%|████      | 81/200 [00:00<00:00, 12937.50it/s, Materializing param=vit.encoder.layer.4.layernorm_after.bias]     Loading weights:  40%|████      | 81/200 [00:00<00:00, 12906.53it/s, Materializing param=vit.encoder.layer.4.layernorm_after.bias]Loading weights:  41%|████      | 82/200 [00:00<00:00, 13010.02it/s, Materializing param=vit.encoder.layer.4.layernorm_after.weight]Loading weights:  41%|████      | 82/200 [00:00<00:00, 12978.60it/s, Materializing param=vit.encoder.layer.4.layernorm_after.weight]Loading weights:  42%|████▏     | 83/200 [00:00<00:00, 13083.56it/s, Materializing param=vit.encoder.layer.4.layernorm_before.bias] Loading weights:  42%|████▏     | 83/200 [00:00<00:00, 13052.65it/s, Materializing param=vit.encoder.layer.4.layernorm_before.bias]Loading weights:  42%|████▏     | 84/200 [00:00<00:00, 13157.62it/s, Materializing param=vit.encoder.layer.4.layernorm_before.weight]Loading weights:  42%|████▏     | 84/200 [00:00<00:00, 13123.31it/s, Materializing param=vit.encoder.layer.4.layernorm_before.weight]Loading weights:  42%|████▎     | 85/200 [00:00<00:00, 13221.92it/s, Materializing param=vit.encoder.layer.4.output.dense.bias]      Loading weights:  42%|████▎     | 85/200 [00:00<00:00, 13190.61it/s, Materializing param=vit.encoder.layer.4.output.dense.bias]Loading weights:  43%|████▎     | 86/200 [00:00<00:00, 13289.74it/s, Materializing param=vit.encoder.layer.4.output.dense.weight]Loading weights:  43%|████▎     | 86/200 [00:00<00:00, 13259.45it/s, Materializing param=vit.encoder.layer.4.output.dense.weight]Loading weights:  44%|████▎     | 87/200 [00:00<00:00, 13360.10it/s, Materializing param=vit.encoder.layer.5.attention.attention.key.bias]Loading weights:  44%|████▎     | 87/200 [00:00<00:00, 13321.08it/s, Materializing param=vit.encoder.layer.5.attention.attention.key.bias]Loading weights:  44%|████▍     | 88/200 [00:00<00:00, 13412.99it/s, Materializing param=vit.encoder.layer.5.attention.attention.key.weight]Loading weights:  44%|████▍     | 88/200 [00:00<00:00, 13379.93it/s, Materializing param=vit.encoder.layer.5.attention.attention.key.weight]Loading weights:  44%|████▍     | 89/200 [00:00<00:00, 13478.72it/s, Materializing param=vit.encoder.layer.5.attention.attention.query.bias]Loading weights:  44%|████▍     | 89/200 [00:00<00:00, 13446.19it/s, Materializing param=vit.encoder.layer.5.attention.attention.query.bias]Loading weights:  45%|████▌     | 90/200 [00:00<00:00, 13546.52it/s, Materializing param=vit.encoder.layer.5.attention.attention.query.weight]Loading weights:  45%|████▌     | 90/200 [00:00<00:00, 13513.54it/s, Materializing param=vit.encoder.layer.5.attention.attention.query.weight]Loading weights:  46%|████▌     | 91/200 [00:00<00:00, 13608.64it/s, Materializing param=vit.encoder.layer.5.attention.attention.value.bias]  Loading weights:  46%|████▌     | 91/200 [00:00<00:00, 13578.15it/s, Materializing param=vit.encoder.layer.5.attention.attention.value.bias]Loading weights:  46%|████▌     | 92/200 [00:00<00:00, 13672.39it/s, Materializing param=vit.encoder.layer.5.attention.attention.value.weight]Loading weights:  46%|████▌     | 92/200 [00:00<00:00, 13639.53it/s, Materializing param=vit.encoder.layer.5.attention.attention.value.weight]Loading weights:  46%|████▋     | 93/200 [00:00<00:00, 13736.80it/s, Materializing param=vit.encoder.layer.5.attention.output.dense.bias]     Loading weights:  46%|████▋     | 93/200 [00:00<00:00, 13704.95it/s, Materializing param=vit.encoder.layer.5.attention.output.dense.bias]Loading weights:  47%|████▋     | 94/200 [00:00<00:00, 13800.92it/s, Materializing param=vit.encoder.layer.5.attention.output.dense.weight]Loading weights:  47%|████▋     | 94/200 [00:00<00:00, 13769.11it/s, Materializing param=vit.encoder.layer.5.attention.output.dense.weight]Loading weights:  48%|████▊     | 95/200 [00:00<00:00, 13864.74it/s, Materializing param=vit.encoder.layer.5.intermediate.dense.bias]      Loading weights:  48%|████▊     | 95/200 [00:00<00:00, 13834.42it/s, Materializing param=vit.encoder.layer.5.intermediate.dense.bias]Loading weights:  48%|████▊     | 96/200 [00:00<00:00, 13929.26it/s, Materializing param=vit.encoder.layer.5.intermediate.dense.weight]Loading weights:  48%|████▊     | 96/200 [00:00<00:00, 13897.05it/s, Materializing param=vit.encoder.layer.5.intermediate.dense.weight]Loading weights:  48%|████▊     | 97/200 [00:00<00:00, 13991.11it/s, Materializing param=vit.encoder.layer.5.layernorm_after.bias]     Loading weights:  48%|████▊     | 97/200 [00:00<00:00, 13960.86it/s, Materializing param=vit.encoder.layer.5.layernorm_after.bias]Loading weights:  49%|████▉     | 98/200 [00:00<00:00, 14050.31it/s, Materializing param=vit.encoder.layer.5.layernorm_after.weight]Loading weights:  49%|████▉     | 98/200 [00:00<00:00, 14020.12it/s, Materializing param=vit.encoder.layer.5.layernorm_after.weight]Loading weights:  50%|████▉     | 99/200 [00:00<00:00, 14114.56it/s, Materializing param=vit.encoder.layer.5.layernorm_before.bias] Loading weights:  50%|████▉     | 99/200 [00:00<00:00, 14084.87it/s, Materializing param=vit.encoder.layer.5.layernorm_before.bias]Loading weights:  50%|█████     | 100/200 [00:00<00:00, 14176.17it/s, Materializing param=vit.encoder.layer.5.layernorm_before.weight]Loading weights:  50%|█████     | 100/200 [00:00<00:00, 14146.53it/s, Materializing param=vit.encoder.layer.5.layernorm_before.weight]Loading weights:  50%|█████     | 101/200 [00:00<00:00, 14239.49it/s, Materializing param=vit.encoder.layer.5.output.dense.bias]      Loading weights:  50%|█████     | 101/200 [00:00<00:00, 14205.11it/s, Materializing param=vit.encoder.layer.5.output.dense.bias]Loading weights:  51%|█████     | 102/200 [00:00<00:00, 14293.99it/s, Materializing param=vit.encoder.layer.5.output.dense.weight]Loading weights:  51%|█████     | 102/200 [00:00<00:00, 14265.86it/s, Materializing param=vit.encoder.layer.5.output.dense.weight]Loading weights:  52%|█████▏    | 103/200 [00:00<00:00, 14355.46it/s, Materializing param=vit.encoder.layer.6.attention.attention.key.bias]Loading weights:  52%|█████▏    | 103/200 [00:00<00:00, 14325.47it/s, Materializing param=vit.encoder.layer.6.attention.attention.key.bias]Loading weights:  52%|█████▏    | 104/200 [00:00<00:00, 14408.18it/s, Materializing param=vit.encoder.layer.6.attention.attention.key.weight]Loading weights:  52%|█████▏    | 104/200 [00:00<00:00, 14376.84it/s, Materializing param=vit.encoder.layer.6.attention.attention.key.weight]Loading weights:  52%|█████▎    | 105/200 [00:00<00:00, 14464.54it/s, Materializing param=vit.encoder.layer.6.attention.attention.query.bias]Loading weights:  52%|█████▎    | 105/200 [00:00<00:00, 14433.26it/s, Materializing param=vit.encoder.layer.6.attention.attention.query.bias]Loading weights:  53%|█████▎    | 106/200 [00:00<00:00, 14520.75it/s, Materializing param=vit.encoder.layer.6.attention.attention.query.weight]Loading weights:  53%|█████▎    | 106/200 [00:00<00:00, 14489.04it/s, Materializing param=vit.encoder.layer.6.attention.attention.query.weight]Loading weights:  54%|█████▎    | 107/200 [00:00<00:00, 14573.96it/s, Materializing param=vit.encoder.layer.6.attention.attention.value.bias]  Loading weights:  54%|█████▎    | 107/200 [00:00<00:00, 14543.73it/s, Materializing param=vit.encoder.layer.6.attention.attention.value.bias]Loading weights:  54%|█████▍    | 108/200 [00:00<00:00, 14626.10it/s, Materializing param=vit.encoder.layer.6.attention.attention.value.weight]Loading weights:  54%|█████▍    | 108/200 [00:00<00:00, 14594.99it/s, Materializing param=vit.encoder.layer.6.attention.attention.value.weight]Loading weights:  55%|█████▍    | 109/200 [00:00<00:00, 14678.11it/s, Materializing param=vit.encoder.layer.6.attention.output.dense.bias]     Loading weights:  55%|█████▍    | 109/200 [00:00<00:00, 14648.48it/s, Materializing param=vit.encoder.layer.6.attention.output.dense.bias]Loading weights:  55%|█████▌    | 110/200 [00:00<00:00, 14733.78it/s, Materializing param=vit.encoder.layer.6.attention.output.dense.weight]Loading weights:  55%|█████▌    | 110/200 [00:00<00:00, 14703.72it/s, Materializing param=vit.encoder.layer.6.attention.output.dense.weight]Loading weights:  56%|█████▌    | 111/200 [00:00<00:00, 14772.42it/s, Materializing param=vit.encoder.layer.6.intermediate.dense.bias]      Loading weights:  56%|█████▌    | 111/200 [00:00<00:00, 14743.42it/s, Materializing param=vit.encoder.layer.6.intermediate.dense.bias]Loading weights:  56%|█████▌    | 112/200 [00:00<00:00, 14822.73it/s, Materializing param=vit.encoder.layer.6.intermediate.dense.weight]Loading weights:  56%|█████▌    | 112/200 [00:00<00:00, 14793.79it/s, Materializing param=vit.encoder.layer.6.intermediate.dense.weight]Loading weights:  56%|█████▋    | 113/200 [00:00<00:00, 14860.83it/s, Materializing param=vit.encoder.layer.6.layernorm_after.bias]     Loading weights:  56%|█████▋    | 113/200 [00:00<00:00, 14819.94it/s, Materializing param=vit.encoder.layer.6.layernorm_after.bias]Loading weights:  57%|█████▋    | 114/200 [00:00<00:00, 14897.98it/s, Materializing param=vit.encoder.layer.6.layernorm_after.weight]Loading weights:  57%|█████▋    | 114/200 [00:00<00:00, 14863.25it/s, Materializing param=vit.encoder.layer.6.layernorm_after.weight]Loading weights:  57%|█████▊    | 115/200 [00:00<00:00, 14888.57it/s, Materializing param=vit.encoder.layer.6.layernorm_before.bias] Loading weights:  57%|█████▊    | 115/200 [00:00<00:00, 14848.24it/s, Materializing param=vit.encoder.layer.6.layernorm_before.bias]Loading weights:  58%|█████▊    | 116/200 [00:00<00:00, 14919.94it/s, Materializing param=vit.encoder.layer.6.layernorm_before.weight]Loading weights:  58%|█████▊    | 116/200 [00:00<00:00, 14890.72it/s, Materializing param=vit.encoder.layer.6.layernorm_before.weight]Loading weights:  58%|█████▊    | 117/200 [00:00<00:00, 14973.26it/s, Materializing param=vit.encoder.layer.6.output.dense.bias]      Loading weights:  58%|█████▊    | 117/200 [00:00<00:00, 14944.53it/s, Materializing param=vit.encoder.layer.6.output.dense.bias]Loading weights:  59%|█████▉    | 118/200 [00:00<00:00, 15024.22it/s, Materializing param=vit.encoder.layer.6.output.dense.weight]Loading weights:  59%|█████▉    | 118/200 [00:00<00:00, 14995.54it/s, Materializing param=vit.encoder.layer.6.output.dense.weight]Loading weights:  60%|█████▉    | 119/200 [00:00<00:00, 15076.94it/s, Materializing param=vit.encoder.layer.7.attention.attention.key.bias]Loading weights:  60%|█████▉    | 119/200 [00:00<00:00, 15046.04it/s, Materializing param=vit.encoder.layer.7.attention.attention.key.bias]Loading weights:  60%|██████    | 120/200 [00:00<00:00, 15119.15it/s, Materializing param=vit.encoder.layer.7.attention.attention.key.weight]Loading weights:  60%|██████    | 120/200 [00:00<00:00, 15088.33it/s, Materializing param=vit.encoder.layer.7.attention.attention.key.weight]Loading weights:  60%|██████    | 121/200 [00:00<00:00, 15164.97it/s, Materializing param=vit.encoder.layer.7.attention.attention.query.bias]Loading weights:  60%|██████    | 121/200 [00:00<00:00, 15136.47it/s, Materializing param=vit.encoder.layer.7.attention.attention.query.bias]Loading weights:  61%|██████    | 122/200 [00:00<00:00, 15212.11it/s, Materializing param=vit.encoder.layer.7.attention.attention.query.weight]Loading weights:  61%|██████    | 122/200 [00:00<00:00, 15183.68it/s, Materializing param=vit.encoder.layer.7.attention.attention.query.weight]Loading weights:  62%|██████▏   | 123/200 [00:00<00:00, 15258.33it/s, Materializing param=vit.encoder.layer.7.attention.attention.value.bias]  Loading weights:  62%|██████▏   | 123/200 [00:00<00:00, 15230.40it/s, Materializing param=vit.encoder.layer.7.attention.attention.value.bias]Loading weights:  62%|██████▏   | 124/200 [00:00<00:00, 15291.93it/s, Materializing param=vit.encoder.layer.7.attention.attention.value.weight]Loading weights:  62%|██████▏   | 124/200 [00:00<00:00, 15254.25it/s, Materializing param=vit.encoder.layer.7.attention.attention.value.weight]Loading weights:  62%|██████▎   | 125/200 [00:00<00:00, 15313.04it/s, Materializing param=vit.encoder.layer.7.attention.output.dense.bias]     Loading weights:  62%|██████▎   | 125/200 [00:00<00:00, 15284.92it/s, Materializing param=vit.encoder.layer.7.attention.output.dense.bias]Loading weights:  63%|██████▎   | 126/200 [00:00<00:00, 15356.61it/s, Materializing param=vit.encoder.layer.7.attention.output.dense.weight]Loading weights:  63%|██████▎   | 126/200 [00:00<00:00, 15328.55it/s, Materializing param=vit.encoder.layer.7.attention.output.dense.weight]Loading weights:  64%|██████▎   | 127/200 [00:00<00:00, 15401.51it/s, Materializing param=vit.encoder.layer.7.intermediate.dense.bias]      Loading weights:  64%|██████▎   | 127/200 [00:00<00:00, 15373.51it/s, Materializing param=vit.encoder.layer.7.intermediate.dense.bias]Loading weights:  64%|██████▍   | 128/200 [00:00<00:00, 15444.19it/s, Materializing param=vit.encoder.layer.7.intermediate.dense.weight]Loading weights:  64%|██████▍   | 128/200 [00:00<00:00, 15410.50it/s, Materializing param=vit.encoder.layer.7.intermediate.dense.weight]Loading weights:  64%|██████▍   | 129/200 [00:00<00:00, 15484.67it/s, Materializing param=vit.encoder.layer.7.layernorm_after.bias]     Loading weights:  64%|██████▍   | 129/200 [00:00<00:00, 15456.36it/s, Materializing param=vit.encoder.layer.7.layernorm_after.bias]Loading weights:  65%|██████▌   | 130/200 [00:00<00:00, 15530.03it/s, Materializing param=vit.encoder.layer.7.layernorm_after.weight]Loading weights:  65%|██████▌   | 130/200 [00:00<00:00, 15502.22it/s, Materializing param=vit.encoder.layer.7.layernorm_after.weight]Loading weights:  66%|██████▌   | 131/200 [00:00<00:00, 15574.97it/s, Materializing param=vit.encoder.layer.7.layernorm_before.bias] Loading weights:  66%|██████▌   | 131/200 [00:00<00:00, 15547.21it/s, Materializing param=vit.encoder.layer.7.layernorm_before.bias]Loading weights:  66%|██████▌   | 132/200 [00:00<00:00, 15621.24it/s, Materializing param=vit.encoder.layer.7.layernorm_before.weight]Loading weights:  66%|██████▌   | 132/200 [00:00<00:00, 15593.53it/s, Materializing param=vit.encoder.layer.7.layernorm_before.weight]Loading weights:  66%|██████▋   | 133/200 [00:00<00:00, 15667.53it/s, Materializing param=vit.encoder.layer.7.output.dense.bias]      Loading weights:  66%|██████▋   | 133/200 [00:00<00:00, 15639.86it/s, Materializing param=vit.encoder.layer.7.output.dense.bias]Loading weights:  67%|██████▋   | 134/200 [00:00<00:00, 15712.96it/s, Materializing param=vit.encoder.layer.7.output.dense.weight]Loading weights:  67%|██████▋   | 134/200 [00:00<00:00, 15685.77it/s, Materializing param=vit.encoder.layer.7.output.dense.weight]Loading weights:  68%|██████▊   | 135/200 [00:00<00:00, 15756.21it/s, Materializing param=vit.encoder.layer.8.attention.attention.key.bias]Loading weights:  68%|██████▊   | 135/200 [00:00<00:00, 15728.64it/s, Materializing param=vit.encoder.layer.8.attention.attention.key.bias]Loading weights:  68%|██████▊   | 136/200 [00:00<00:00, 15795.57it/s, Materializing param=vit.encoder.layer.8.attention.attention.key.weight]Loading weights:  68%|██████▊   | 136/200 [00:00<00:00, 15768.06it/s, Materializing param=vit.encoder.layer.8.attention.attention.key.weight]Loading weights:  68%|██████▊   | 137/200 [00:00<00:00, 15834.54it/s, Materializing param=vit.encoder.layer.8.attention.attention.query.bias]Loading weights:  68%|██████▊   | 137/200 [00:00<00:00, 15805.36it/s, Materializing param=vit.encoder.layer.8.attention.attention.query.bias]Loading weights:  69%|██████▉   | 138/200 [00:00<00:00, 15873.14it/s, Materializing param=vit.encoder.layer.8.attention.attention.query.weight]Loading weights:  69%|██████▉   | 138/200 [00:00<00:00, 15845.76it/s, Materializing param=vit.encoder.layer.8.attention.attention.query.weight]Loading weights:  70%|██████▉   | 139/200 [00:00<00:00, 15913.10it/s, Materializing param=vit.encoder.layer.8.attention.attention.value.bias]  Loading weights:  70%|██████▉   | 139/200 [00:00<00:00, 15884.05it/s, Materializing param=vit.encoder.layer.8.attention.attention.value.bias]Loading weights:  70%|███████   | 140/200 [00:00<00:00, 15949.22it/s, Materializing param=vit.encoder.layer.8.attention.attention.value.weight]Loading weights:  70%|███████   | 140/200 [00:00<00:00, 15921.98it/s, Materializing param=vit.encoder.layer.8.attention.attention.value.weight]Loading weights:  70%|███████   | 141/200 [00:00<00:00, 15988.45it/s, Materializing param=vit.encoder.layer.8.attention.output.dense.bias]     Loading weights:  70%|███████   | 141/200 [00:00<00:00, 15959.11it/s, Materializing param=vit.encoder.layer.8.attention.output.dense.bias]Loading weights:  71%|███████   | 142/200 [00:00<00:00, 16021.71it/s, Materializing param=vit.encoder.layer.8.attention.output.dense.weight]Loading weights:  71%|███████   | 142/200 [00:00<00:00, 15994.61it/s, Materializing param=vit.encoder.layer.8.attention.output.dense.weight]Loading weights:  72%|███████▏  | 143/200 [00:00<00:00, 16058.51it/s, Materializing param=vit.encoder.layer.8.intermediate.dense.bias]      Loading weights:  72%|███████▏  | 143/200 [00:00<00:00, 16031.47it/s, Materializing param=vit.encoder.layer.8.intermediate.dense.bias]Loading weights:  72%|███████▏  | 144/200 [00:00<00:00, 16096.25it/s, Materializing param=vit.encoder.layer.8.intermediate.dense.weight]Loading weights:  72%|███████▏  | 144/200 [00:00<00:00, 16069.70it/s, Materializing param=vit.encoder.layer.8.intermediate.dense.weight]Loading weights:  72%|███████▎  | 145/200 [00:00<00:00, 16136.22it/s, Materializing param=vit.encoder.layer.8.layernorm_after.bias]     Loading weights:  72%|███████▎  | 145/200 [00:00<00:00, 16109.72it/s, Materializing param=vit.encoder.layer.8.layernorm_after.bias]Loading weights:  73%|███████▎  | 146/200 [00:00<00:00, 16175.40it/s, Materializing param=vit.encoder.layer.8.layernorm_after.weight]Loading weights:  73%|███████▎  | 146/200 [00:00<00:00, 16150.23it/s, Materializing param=vit.encoder.layer.8.layernorm_after.weight]Loading weights:  74%|███████▎  | 147/200 [00:00<00:00, 16216.37it/s, Materializing param=vit.encoder.layer.8.layernorm_before.bias] Loading weights:  74%|███████▎  | 147/200 [00:00<00:00, 16189.55it/s, Materializing param=vit.encoder.layer.8.layernorm_before.bias]Loading weights:  74%|███████▍  | 148/200 [00:00<00:00, 16256.57it/s, Materializing param=vit.encoder.layer.8.layernorm_before.weight]Loading weights:  74%|███████▍  | 148/200 [00:00<00:00, 16230.21it/s, Materializing param=vit.encoder.layer.8.layernorm_before.weight]Loading weights:  74%|███████▍  | 149/200 [00:00<00:00, 16298.54it/s, Materializing param=vit.encoder.layer.8.output.dense.bias]      Loading weights:  74%|███████▍  | 149/200 [00:00<00:00, 16271.81it/s, Materializing param=vit.encoder.layer.8.output.dense.bias]Loading weights:  75%|███████▌  | 150/200 [00:00<00:00, 16336.78it/s, Materializing param=vit.encoder.layer.8.output.dense.weight]Loading weights:  75%|███████▌  | 150/200 [00:00<00:00, 16309.67it/s, Materializing param=vit.encoder.layer.8.output.dense.weight]Loading weights:  76%|███████▌  | 151/200 [00:00<00:00, 16373.83it/s, Materializing param=vit.encoder.layer.9.attention.attention.key.bias]Loading weights:  76%|███████▌  | 151/200 [00:00<00:00, 16343.83it/s, Materializing param=vit.encoder.layer.9.attention.attention.key.bias]Loading weights:  76%|███████▌  | 152/200 [00:00<00:00, 16384.42it/s, Materializing param=vit.encoder.layer.9.attention.attention.key.weight]Loading weights:  76%|███████▌  | 152/200 [00:00<00:00, 16352.90it/s, Materializing param=vit.encoder.layer.9.attention.attention.key.weight]Loading weights:  76%|███████▋  | 153/200 [00:00<00:00, 16405.78it/s, Materializing param=vit.encoder.layer.9.attention.attention.query.bias]Loading weights:  76%|███████▋  | 153/200 [00:00<00:00, 16376.06it/s, Materializing param=vit.encoder.layer.9.attention.attention.query.bias]Loading weights:  77%|███████▋  | 154/200 [00:00<00:00, 16433.60it/s, Materializing param=vit.encoder.layer.9.attention.attention.query.weight]Loading weights:  77%|███████▋  | 154/200 [00:00<00:00, 16407.72it/s, Materializing param=vit.encoder.layer.9.attention.attention.query.weight]Loading weights:  78%|███████▊  | 155/200 [00:00<00:00, 16466.58it/s, Materializing param=vit.encoder.layer.9.attention.attention.value.bias]  Loading weights:  78%|███████▊  | 155/200 [00:00<00:00, 16435.36it/s, Materializing param=vit.encoder.layer.9.attention.attention.value.bias]Loading weights:  78%|███████▊  | 156/200 [00:00<00:00, 16497.60it/s, Materializing param=vit.encoder.layer.9.attention.attention.value.weight]Loading weights:  78%|███████▊  | 156/200 [00:00<00:00, 16471.44it/s, Materializing param=vit.encoder.layer.9.attention.attention.value.weight]Loading weights:  78%|███████▊  | 157/200 [00:00<00:00, 16531.66it/s, Materializing param=vit.encoder.layer.9.attention.output.dense.bias]     Loading weights:  78%|███████▊  | 157/200 [00:00<00:00, 16505.56it/s, Materializing param=vit.encoder.layer.9.attention.output.dense.bias]Loading weights:  79%|███████▉  | 158/200 [00:00<00:00, 16563.77it/s, Materializing param=vit.encoder.layer.9.attention.output.dense.weight]Loading weights:  79%|███████▉  | 158/200 [00:00<00:00, 16537.32it/s, Materializing param=vit.encoder.layer.9.attention.output.dense.weight]Loading weights:  80%|███████▉  | 159/200 [00:00<00:00, 16597.26it/s, Materializing param=vit.encoder.layer.9.intermediate.dense.bias]      Loading weights:  80%|███████▉  | 159/200 [00:00<00:00, 16571.27it/s, Materializing param=vit.encoder.layer.9.intermediate.dense.bias]Loading weights:  80%|████████  | 160/200 [00:00<00:00, 16632.10it/s, Materializing param=vit.encoder.layer.9.intermediate.dense.weight]Loading weights:  80%|████████  | 160/200 [00:00<00:00, 16606.17it/s, Materializing param=vit.encoder.layer.9.intermediate.dense.weight]Loading weights:  80%|████████  | 161/200 [00:00<00:00, 16664.60it/s, Materializing param=vit.encoder.layer.9.layernorm_after.bias]     Loading weights:  80%|████████  | 161/200 [00:00<00:00, 16639.14it/s, Materializing param=vit.encoder.layer.9.layernorm_after.bias]Loading weights:  81%|████████  | 162/200 [00:00<00:00, 16692.72it/s, Materializing param=vit.encoder.layer.9.layernorm_after.weight]Loading weights:  81%|████████  | 162/200 [00:00<00:00, 16666.93it/s, Materializing param=vit.encoder.layer.9.layernorm_after.weight]Loading weights:  82%|████████▏ | 163/200 [00:00<00:00, 16726.32it/s, Materializing param=vit.encoder.layer.9.layernorm_before.bias] Loading weights:  82%|████████▏ | 163/200 [00:00<00:00, 16700.99it/s, Materializing param=vit.encoder.layer.9.layernorm_before.bias]Loading weights:  82%|████████▏ | 164/200 [00:00<00:00, 16760.46it/s, Materializing param=vit.encoder.layer.9.layernorm_before.weight]Loading weights:  82%|████████▏ | 164/200 [00:00<00:00, 16733.14it/s, Materializing param=vit.encoder.layer.9.layernorm_before.weight]Loading weights:  82%|████████▎ | 165/200 [00:00<00:00, 16790.65it/s, Materializing param=vit.encoder.layer.9.output.dense.bias]      Loading weights:  82%|████████▎ | 165/200 [00:00<00:00, 16764.62it/s, Materializing param=vit.encoder.layer.9.output.dense.bias]Loading weights:  83%|████████▎ | 166/200 [00:00<00:00, 16822.21it/s, Materializing param=vit.encoder.layer.9.output.dense.weight]Loading weights:  83%|████████▎ | 166/200 [00:00<00:00, 16796.64it/s, Materializing param=vit.encoder.layer.9.output.dense.weight]Loading weights:  84%|████████▎ | 167/200 [00:00<00:00, 16857.16it/s, Materializing param=vit.encoder.layer.10.attention.attention.key.bias]Loading weights:  84%|████████▎ | 167/200 [00:00<00:00, 16831.24it/s, Materializing param=vit.encoder.layer.10.attention.attention.key.bias]Loading weights:  84%|████████▍ | 168/200 [00:00<00:00, 16879.30it/s, Materializing param=vit.encoder.layer.10.attention.attention.key.weight]Loading weights:  84%|████████▍ | 168/200 [00:00<00:00, 16842.18it/s, Materializing param=vit.encoder.layer.10.attention.attention.key.weight]Loading weights:  84%|████████▍ | 169/200 [00:00<00:00, 16898.40it/s, Materializing param=vit.encoder.layer.10.attention.attention.query.bias]Loading weights:  84%|████████▍ | 169/200 [00:00<00:00, 16873.06it/s, Materializing param=vit.encoder.layer.10.attention.attention.query.bias]Loading weights:  85%|████████▌ | 170/200 [00:00<00:00, 16928.98it/s, Materializing param=vit.encoder.layer.10.attention.attention.query.weight]Loading weights:  85%|████████▌ | 170/200 [00:00<00:00, 16903.70it/s, Materializing param=vit.encoder.layer.10.attention.attention.query.weight]Loading weights:  86%|████████▌ | 171/200 [00:00<00:00, 16960.91it/s, Materializing param=vit.encoder.layer.10.attention.attention.value.bias]  Loading weights:  86%|████████▌ | 171/200 [00:00<00:00, 16935.68it/s, Materializing param=vit.encoder.layer.10.attention.attention.value.bias]Loading weights:  86%|████████▌ | 172/200 [00:00<00:00, 16992.99it/s, Materializing param=vit.encoder.layer.10.attention.attention.value.weight]Loading weights:  86%|████████▌ | 172/200 [00:00<00:00, 16967.41it/s, Materializing param=vit.encoder.layer.10.attention.attention.value.weight]Loading weights:  86%|████████▋ | 173/200 [00:00<00:00, 17024.02it/s, Materializing param=vit.encoder.layer.10.attention.output.dense.bias]     Loading weights:  86%|████████▋ | 173/200 [00:00<00:00, 16999.29it/s, Materializing param=vit.encoder.layer.10.attention.output.dense.bias]Loading weights:  87%|████████▋ | 174/200 [00:00<00:00, 17050.81it/s, Materializing param=vit.encoder.layer.10.attention.output.dense.weight]Loading weights:  87%|████████▋ | 174/200 [00:00<00:00, 17025.75it/s, Materializing param=vit.encoder.layer.10.attention.output.dense.weight]Loading weights:  88%|████████▊ | 175/200 [00:00<00:00, 17081.36it/s, Materializing param=vit.encoder.layer.10.intermediate.dense.bias]      Loading weights:  88%|████████▊ | 175/200 [00:00<00:00, 17056.75it/s, Materializing param=vit.encoder.layer.10.intermediate.dense.bias]Loading weights:  88%|████████▊ | 176/200 [00:00<00:00, 17112.46it/s, Materializing param=vit.encoder.layer.10.intermediate.dense.weight]Loading weights:  88%|████████▊ | 176/200 [00:00<00:00, 17087.11it/s, Materializing param=vit.encoder.layer.10.intermediate.dense.weight]Loading weights:  88%|████████▊ | 177/200 [00:00<00:00, 17142.93it/s, Materializing param=vit.encoder.layer.10.layernorm_after.bias]     Loading weights:  88%|████████▊ | 177/200 [00:00<00:00, 17118.03it/s, Materializing param=vit.encoder.layer.10.layernorm_after.bias]Loading weights:  89%|████████▉ | 178/200 [00:00<00:00, 17170.00it/s, Materializing param=vit.encoder.layer.10.layernorm_after.weight]Loading weights:  89%|████████▉ | 178/200 [00:00<00:00, 17145.16it/s, Materializing param=vit.encoder.layer.10.layernorm_after.weight]Loading weights:  90%|████████▉ | 179/200 [00:00<00:00, 17201.59it/s, Materializing param=vit.encoder.layer.10.layernorm_before.bias] Loading weights:  90%|████████▉ | 179/200 [00:00<00:00, 17177.19it/s, Materializing param=vit.encoder.layer.10.layernorm_before.bias]Loading weights:  90%|█████████ | 180/200 [00:00<00:00, 17233.32it/s, Materializing param=vit.encoder.layer.10.layernorm_before.weight]Loading weights:  90%|█████████ | 180/200 [00:00<00:00, 17208.19it/s, Materializing param=vit.encoder.layer.10.layernorm_before.weight]Loading weights:  90%|█████████ | 181/200 [00:00<00:00, 17264.44it/s, Materializing param=vit.encoder.layer.10.output.dense.bias]      Loading weights:  90%|█████████ | 181/200 [00:00<00:00, 17236.60it/s, Materializing param=vit.encoder.layer.10.output.dense.bias]Loading weights:  91%|█████████ | 182/200 [00:00<00:00, 17289.05it/s, Materializing param=vit.encoder.layer.10.output.dense.weight]Loading weights:  91%|█████████ | 182/200 [00:00<00:00, 17265.98it/s, Materializing param=vit.encoder.layer.10.output.dense.weight]Loading weights:  92%|█████████▏| 183/200 [00:00<00:00, 17319.71it/s, Materializing param=vit.encoder.layer.11.attention.attention.key.bias]Loading weights:  92%|█████████▏| 183/200 [00:00<00:00, 17295.51it/s, Materializing param=vit.encoder.layer.11.attention.attention.key.bias]Loading weights:  92%|█████████▏| 184/200 [00:00<00:00, 17343.52it/s, Materializing param=vit.encoder.layer.11.attention.attention.key.weight]Loading weights:  92%|█████████▏| 184/200 [00:00<00:00, 17319.39it/s, Materializing param=vit.encoder.layer.11.attention.attention.key.weight]Loading weights:  92%|█████████▎| 185/200 [00:00<00:00, 17371.02it/s, Materializing param=vit.encoder.layer.11.attention.attention.query.bias]Loading weights:  92%|█████████▎| 185/200 [00:00<00:00, 17345.01it/s, Materializing param=vit.encoder.layer.11.attention.attention.query.bias]Loading weights:  93%|█████████▎| 186/200 [00:00<00:00, 17397.93it/s, Materializing param=vit.encoder.layer.11.attention.attention.query.weight]Loading weights:  93%|█████████▎| 186/200 [00:00<00:00, 17373.13it/s, Materializing param=vit.encoder.layer.11.attention.attention.query.weight]Loading weights:  94%|█████████▎| 187/200 [00:00<00:00, 17424.63it/s, Materializing param=vit.encoder.layer.11.attention.attention.value.bias]  Loading weights:  94%|█████████▎| 187/200 [00:00<00:00, 17400.28it/s, Materializing param=vit.encoder.layer.11.attention.attention.value.bias]Loading weights:  94%|█████████▍| 188/200 [00:00<00:00, 17449.58it/s, Materializing param=vit.encoder.layer.11.attention.attention.value.weight]Loading weights:  94%|█████████▍| 188/200 [00:00<00:00, 17425.29it/s, Materializing param=vit.encoder.layer.11.attention.attention.value.weight]Loading weights:  94%|█████████▍| 189/200 [00:00<00:00, 17475.88it/s, Materializing param=vit.encoder.layer.11.attention.output.dense.bias]     Loading weights:  94%|█████████▍| 189/200 [00:00<00:00, 17451.64it/s, Materializing param=vit.encoder.layer.11.attention.output.dense.bias]Loading weights:  95%|█████████▌| 190/200 [00:00<00:00, 17503.52it/s, Materializing param=vit.encoder.layer.11.attention.output.dense.weight]Loading weights:  95%|█████████▌| 190/200 [00:00<00:00, 17479.33it/s, Materializing param=vit.encoder.layer.11.attention.output.dense.weight]Loading weights:  96%|█████████▌| 191/200 [00:00<00:00, 17529.42it/s, Materializing param=vit.encoder.layer.11.intermediate.dense.bias]      Loading weights:  96%|█████████▌| 191/200 [00:00<00:00, 17507.20it/s, Materializing param=vit.encoder.layer.11.intermediate.dense.bias]Loading weights:  96%|█████████▌| 192/200 [00:00<00:00, 17553.60it/s, Materializing param=vit.encoder.layer.11.intermediate.dense.weight]Loading weights:  96%|█████████▌| 192/200 [00:00<00:00, 17519.99it/s, Materializing param=vit.encoder.layer.11.intermediate.dense.weight]Loading weights:  96%|█████████▋| 193/200 [00:00<00:00, 17559.67it/s, Materializing param=vit.encoder.layer.11.layernorm_after.bias]     Loading weights:  96%|█████████▋| 193/200 [00:00<00:00, 17536.08it/s, Materializing param=vit.encoder.layer.11.layernorm_after.bias]Loading weights:  97%|█████████▋| 194/200 [00:00<00:00, 17585.42it/s, Materializing param=vit.encoder.layer.11.layernorm_after.weight]Loading weights:  97%|█████████▋| 194/200 [00:00<00:00, 17558.48it/s, Materializing param=vit.encoder.layer.11.layernorm_after.weight]Loading weights:  98%|█████████▊| 195/200 [00:00<00:00, 17607.19it/s, Materializing param=vit.encoder.layer.11.layernorm_before.bias] Loading weights:  98%|█████████▊| 195/200 [00:00<00:00, 17583.34it/s, Materializing param=vit.encoder.layer.11.layernorm_before.bias]Loading weights:  98%|█████████▊| 196/200 [00:00<00:00, 17622.75it/s, Materializing param=vit.encoder.layer.11.layernorm_before.weight]Loading weights:  98%|█████████▊| 196/200 [00:00<00:00, 17588.06it/s, Materializing param=vit.encoder.layer.11.layernorm_before.weight]Loading weights:  98%|█████████▊| 197/200 [00:00<00:00, 17635.16it/s, Materializing param=vit.encoder.layer.11.output.dense.bias]      Loading weights:  98%|█████████▊| 197/200 [00:00<00:00, 17611.11it/s, Materializing param=vit.encoder.layer.11.output.dense.bias]Loading weights:  99%|█████████▉| 198/200 [00:00<00:00, 17657.97it/s, Materializing param=vit.encoder.layer.11.output.dense.weight]Loading weights:  99%|█████████▉| 198/200 [00:00<00:00, 17634.35it/s, Materializing param=vit.encoder.layer.11.output.dense.weight]Loading weights: 100%|█████████▉| 199/200 [00:00<00:00, 17682.86it/s, Materializing param=vit.layernorm.bias]                      Loading weights: 100%|█████████▉| 199/200 [00:00<00:00, 17660.79it/s, Materializing param=vit.layernorm.bias]Loading weights: 100%|██████████| 200/200 [00:00<00:00, 17713.18it/s, Materializing param=vit.layernorm.weight]Loading weights: 100%|██████████| 200/200 [00:00<00:00, 17691.51it/s, Materializing param=vit.layernorm.weight]Loading weights: 100%|██████████| 200/200 [00:00<00:00, 17632.02it/s, Materializing param=vit.layernorm.weight]
/Users/wangchu/Documents/Capstone/AIG200Capstone/src/data_rag/rag_service.py:27: LangChainDeprecationWarning: The class `HuggingFaceEmbeddings` was deprecated in LangChain 0.2.2 and will be removed in 1.0. An updated version of the class exists in the `langchain-huggingface package and should be used instead. To use it run `pip install -U `langchain-huggingface` and import as `from `langchain_huggingface import HuggingFaceEmbeddings``.
  self.embeddings = HuggingFaceEmbeddings(model_name="all-MiniLM-L6-v2")
Loading weights:   0%|          | 0/103 [00:00<?, ?it/s]Loading weights:   1%|          | 1/103 [00:00<00:00, 59074.70it/s, Materializing param=embeddings.LayerNorm.bias]Loading weights:   1%|          | 1/103 [00:00<00:00, 8905.10it/s, Materializing param=embeddings.LayerNorm.bias] Loading weights:   2%|▏         | 2/103 [00:00<00:00, 7745.71it/s, Materializing param=embeddings.LayerNorm.weight]Loading weights:   2%|▏         | 2/103 [00:00<00:00, 6345.39it/s, Materializing param=embeddings.LayerNorm.weight]Loading weights:   3%|▎         | 3/103 [00:00<00:00, 5963.47it/s, Materializing param=embeddings.position_embeddings.weight]Loading weights:   3%|▎         | 3/103 [00:00<00:00, 4629.47it/s, Materializing param=embeddings.position_embeddings.weight]Loading weights:   4%|▍         | 4/103 [00:00<00:00, 4453.73it/s, Materializing param=embeddings.token_type_embeddings.weight]Loading weights:   4%|▍         | 4/103 [00:00<00:00, 3936.47it/s, Materializing param=embeddings.token_type_embeddings.weight]Loading weights:   5%|▍         | 5/103 [00:00<00:00, 4581.94it/s, Materializing param=embeddings.word_embeddings.weight]      Loading weights:   5%|▍         | 5/103 [00:00<00:00, 4310.69it/s, Materializing param=embeddings.word_embeddings.weight]Loading weights:   6%|▌         | 6/103 [00:00<00:00, 4679.40it/s, Materializing param=encoder.layer.0.attention.output.LayerNorm.bias]Loading weights:   6%|▌         | 6/103 [00:00<00:00, 4353.95it/s, Materializing param=encoder.layer.0.attention.output.LayerNorm.bias]Loading weights:   7%|▋         | 7/103 [00:00<00:00, 4602.62it/s, Materializing param=encoder.layer.0.attention.output.LayerNorm.weight]Loading weights:   7%|▋         | 7/103 [00:00<00:00, 4345.14it/s, Materializing param=encoder.layer.0.attention.output.LayerNorm.weight]Loading weights:   8%|▊         | 8/103 [00:00<00:00, 4683.76it/s, Materializing param=encoder.layer.0.attention.output.dense.bias]      Loading weights:   8%|▊         | 8/103 [00:00<00:00, 4361.68it/s, Materializing param=encoder.layer.0.attention.output.dense.bias]Loading weights:   9%|▊         | 9/103 [00:00<00:00, 4394.50it/s, Materializing param=encoder.layer.0.attention.output.dense.weight]Loading weights:   9%|▊         | 9/103 [00:00<00:00, 4328.98it/s, Materializing param=encoder.layer.0.attention.output.dense.weight]Loading weights:  10%|▉         | 10/103 [00:00<00:00, 4681.14it/s, Materializing param=encoder.layer.0.attention.self.key.bias]     Loading weights:  10%|▉         | 10/103 [00:00<00:00, 4623.35it/s, Materializing param=encoder.layer.0.attention.self.key.bias]Loading weights:  11%|█         | 11/103 [00:00<00:00, 4966.34it/s, Materializing param=encoder.layer.0.attention.self.key.weight]Loading weights:  11%|█         | 11/103 [00:00<00:00, 4908.23it/s, Materializing param=encoder.layer.0.attention.self.key.weight]Loading weights:  12%|█▏        | 12/103 [00:00<00:00, 5210.32it/s, Materializing param=encoder.layer.0.attention.self.query.bias]Loading weights:  12%|█▏        | 12/103 [00:00<00:00, 4862.02it/s, Materializing param=encoder.layer.0.attention.self.query.bias]Loading weights:  13%|█▎        | 13/103 [00:00<00:00, 4834.29it/s, Materializing param=encoder.layer.0.attention.self.query.weight]Loading weights:  13%|█▎        | 13/103 [00:00<00:00, 4770.42it/s, Materializing param=encoder.layer.0.attention.self.query.weight]Loading weights:  14%|█▎        | 14/103 [00:00<00:00, 5024.84it/s, Materializing param=encoder.layer.0.attention.self.value.bias]  Loading weights:  14%|█▎        | 14/103 [00:00<00:00, 4827.38it/s, Materializing param=encoder.layer.0.attention.self.value.bias]Loading weights:  15%|█▍        | 15/103 [00:00<00:00, 5059.07it/s, Materializing param=encoder.layer.0.attention.self.value.weight]Loading weights:  15%|█▍        | 15/103 [00:00<00:00, 5009.92it/s, Materializing param=encoder.layer.0.attention.self.value.weight]Loading weights:  16%|█▌        | 16/103 [00:00<00:00, 5136.14it/s, Materializing param=encoder.layer.0.intermediate.dense.bias]    Loading weights:  16%|█▌        | 16/103 [00:00<00:00, 5075.93it/s, Materializing param=encoder.layer.0.intermediate.dense.bias]Loading weights:  17%|█▋        | 17/103 [00:00<00:00, 4896.19it/s, Materializing param=encoder.layer.0.intermediate.dense.weight]Loading weights:  17%|█▋        | 17/103 [00:00<00:00, 4637.30it/s, Materializing param=encoder.layer.0.intermediate.dense.weight]Loading weights:  17%|█▋        | 18/103 [00:00<00:00, 4828.13it/s, Materializing param=encoder.layer.0.output.LayerNorm.bias]    Loading weights:  17%|█▋        | 18/103 [00:00<00:00, 4793.49it/s, Materializing param=encoder.layer.0.output.LayerNorm.bias]Loading weights:  18%|█▊        | 19/103 [00:00<00:00, 4991.97it/s, Materializing param=encoder.layer.0.output.LayerNorm.weight]Loading weights:  18%|█▊        | 19/103 [00:00<00:00, 4958.11it/s, Materializing param=encoder.layer.0.output.LayerNorm.weight]Loading weights:  19%|█▉        | 20/103 [00:00<00:00, 5112.51it/s, Materializing param=encoder.layer.0.output.dense.bias]      Loading weights:  19%|█▉        | 20/103 [00:00<00:00, 5068.34it/s, Materializing param=encoder.layer.0.output.dense.bias]Loading weights:  20%|██        | 21/103 [00:00<00:00, 5247.25it/s, Materializing param=encoder.layer.0.output.dense.weight]Loading weights:  20%|██        | 21/103 [00:00<00:00, 5208.16it/s, Materializing param=encoder.layer.0.output.dense.weight]Loading weights:  21%|██▏       | 22/103 [00:00<00:00, 5333.18it/s, Materializing param=encoder.layer.1.attention.output.LayerNorm.bias]Loading weights:  21%|██▏       | 22/103 [00:00<00:00, 5273.14it/s, Materializing param=encoder.layer.1.attention.output.LayerNorm.bias]Loading weights:  22%|██▏       | 23/103 [00:00<00:00, 5424.18it/s, Materializing param=encoder.layer.1.attention.output.LayerNorm.weight]Loading weights:  22%|██▏       | 23/103 [00:00<00:00, 5388.73it/s, Materializing param=encoder.layer.1.attention.output.LayerNorm.weight]Loading weights:  23%|██▎       | 24/103 [00:00<00:00, 5369.00it/s, Materializing param=encoder.layer.1.attention.output.dense.bias]      Loading weights:  23%|██▎       | 24/103 [00:00<00:00, 5332.02it/s, Materializing param=encoder.layer.1.attention.output.dense.bias]Loading weights:  24%|██▍       | 25/103 [00:00<00:00, 5470.17it/s, Materializing param=encoder.layer.1.attention.output.dense.weight]Loading weights:  24%|██▍       | 25/103 [00:00<00:00, 5431.07it/s, Materializing param=encoder.layer.1.attention.output.dense.weight]Loading weights:  25%|██▌       | 26/103 [00:00<00:00, 5581.81it/s, Materializing param=encoder.layer.1.attention.self.key.bias]      Loading weights:  25%|██▌       | 26/103 [00:00<00:00, 5549.43it/s, Materializing param=encoder.layer.1.attention.self.key.bias]Loading weights:  26%|██▌       | 27/103 [00:00<00:00, 5511.03it/s, Materializing param=encoder.layer.1.attention.self.key.weight]Loading weights:  26%|██▌       | 27/103 [00:00<00:00, 5472.15it/s, Materializing param=encoder.layer.1.attention.self.key.weight]Loading weights:  27%|██▋       | 28/103 [00:00<00:00, 5567.48it/s, Materializing param=encoder.layer.1.attention.self.query.bias]Loading weights:  27%|██▋       | 28/103 [00:00<00:00, 5535.73it/s, Materializing param=encoder.layer.1.attention.self.query.bias]Loading weights:  28%|██▊       | 29/103 [00:00<00:00, 5675.12it/s, Materializing param=encoder.layer.1.attention.self.query.weight]Loading weights:  28%|██▊       | 29/103 [00:00<00:00, 5647.45it/s, Materializing param=encoder.layer.1.attention.self.query.weight]Loading weights:  29%|██▉       | 30/103 [00:00<00:00, 5785.78it/s, Materializing param=encoder.layer.1.attention.self.value.bias]  Loading weights:  29%|██▉       | 30/103 [00:00<00:00, 5756.93it/s, Materializing param=encoder.layer.1.attention.self.value.bias]Loading weights:  30%|███       | 31/103 [00:00<00:00, 5890.08it/s, Materializing param=encoder.layer.1.attention.self.value.weight]Loading weights:  30%|███       | 31/103 [00:00<00:00, 5861.14it/s, Materializing param=encoder.layer.1.attention.self.value.weight]Loading weights:  31%|███       | 32/103 [00:00<00:00, 5996.95it/s, Materializing param=encoder.layer.1.intermediate.dense.bias]    Loading weights:  31%|███       | 32/103 [00:00<00:00, 5967.88it/s, Materializing param=encoder.layer.1.intermediate.dense.bias]Loading weights:  32%|███▏      | 33/103 [00:00<00:00, 6102.02it/s, Materializing param=encoder.layer.1.intermediate.dense.weight]Loading weights:  32%|███▏      | 33/103 [00:00<00:00, 6073.90it/s, Materializing param=encoder.layer.1.intermediate.dense.weight]Loading weights:  33%|███▎      | 34/103 [00:00<00:00, 6009.03it/s, Materializing param=encoder.layer.1.output.LayerNorm.bias]    Loading weights:  33%|███▎      | 34/103 [00:00<00:00, 5972.29it/s, Materializing param=encoder.layer.1.output.LayerNorm.bias]Loading weights:  34%|███▍      | 35/103 [00:00<00:00, 6090.05it/s, Materializing param=encoder.layer.1.output.LayerNorm.weight]Loading weights:  34%|███▍      | 35/103 [00:00<00:00, 6062.63it/s, Materializing param=encoder.layer.1.output.LayerNorm.weight]Loading weights:  35%|███▍      | 36/103 [00:00<00:00, 6052.39it/s, Materializing param=encoder.layer.1.output.dense.bias]      Loading weights:  35%|███▍      | 36/103 [00:00<00:00, 5949.37it/s, Materializing param=encoder.layer.1.output.dense.bias]Loading weights:  36%|███▌      | 37/103 [00:00<00:00, 6061.37it/s, Materializing param=encoder.layer.1.output.dense.weight]Loading weights:  36%|███▌      | 37/103 [00:00<00:00, 6034.97it/s, Materializing param=encoder.layer.1.output.dense.weight]Loading weights:  37%|███▋      | 38/103 [00:00<00:00, 5908.78it/s, Materializing param=encoder.layer.2.attention.output.LayerNorm.bias]Loading weights:  37%|███▋      | 38/103 [00:00<00:00, 5873.94it/s, Materializing param=encoder.layer.2.attention.output.LayerNorm.bias]Loading weights:  38%|███▊      | 39/103 [00:00<00:00, 5976.10it/s, Materializing param=encoder.layer.2.attention.output.LayerNorm.weight]Loading weights:  38%|███▊      | 39/103 [00:00<00:00, 5950.45it/s, Materializing param=encoder.layer.2.attention.output.LayerNorm.weight]Loading weights:  39%|███▉      | 40/103 [00:00<00:00, 5885.71it/s, Materializing param=encoder.layer.2.attention.output.dense.bias]      Loading weights:  39%|███▉      | 40/103 [00:00<00:00, 5857.35it/s, Materializing param=encoder.layer.2.attention.output.dense.bias]Loading weights:  40%|███▉      | 41/103 [00:00<00:00, 5955.75it/s, Materializing param=encoder.layer.2.attention.output.dense.weight]Loading weights:  40%|███▉      | 41/103 [00:00<00:00, 5933.36it/s, Materializing param=encoder.layer.2.attention.output.dense.weight]Loading weights:  41%|████      | 42/103 [00:00<00:00, 5797.05it/s, Materializing param=encoder.layer.2.attention.self.key.bias]      Loading weights:  41%|████      | 42/103 [00:00<00:00, 5773.11it/s, Materializing param=encoder.layer.2.attention.self.key.bias]Loading weights:  42%|████▏     | 43/103 [00:00<00:00, 5867.88it/s, Materializing param=encoder.layer.2.attention.self.key.weight]Loading weights:  42%|████▏     | 43/103 [00:00<00:00, 5846.19it/s, Materializing param=encoder.layer.2.attention.self.key.weight]Loading weights:  43%|████▎     | 44/103 [00:00<00:00, 5941.90it/s, Materializing param=encoder.layer.2.attention.self.query.bias]Loading weights:  43%|████▎     | 44/103 [00:00<00:00, 5920.36it/s, Materializing param=encoder.layer.2.attention.self.query.bias]Loading weights:  44%|████▎     | 45/103 [00:00<00:00, 5969.69it/s, Materializing param=encoder.layer.2.attention.self.query.weight]Loading weights:  44%|████▎     | 45/103 [00:00<00:00, 5943.75it/s, Materializing param=encoder.layer.2.attention.self.query.weight]Loading weights:  45%|████▍     | 46/103 [00:00<00:00, 6030.25it/s, Materializing param=encoder.layer.2.attention.self.value.bias]  Loading weights:  45%|████▍     | 46/103 [00:00<00:00, 6008.28it/s, Materializing param=encoder.layer.2.attention.self.value.bias]Loading weights:  46%|████▌     | 47/103 [00:00<00:00, 6091.85it/s, Materializing param=encoder.layer.2.attention.self.value.weight]Loading weights:  46%|████▌     | 47/103 [00:00<00:00, 6070.84it/s, Materializing param=encoder.layer.2.attention.self.value.weight]Loading weights:  47%|████▋     | 48/103 [00:00<00:00, 6119.16it/s, Materializing param=encoder.layer.2.intermediate.dense.bias]    Loading weights:  47%|████▋     | 48/103 [00:00<00:00, 6098.22it/s, Materializing param=encoder.layer.2.intermediate.dense.bias]Loading weights:  48%|████▊     | 49/103 [00:00<00:00, 6182.94it/s, Materializing param=encoder.layer.2.intermediate.dense.weight]Loading weights:  48%|████▊     | 49/103 [00:00<00:00, 6164.21it/s, Materializing param=encoder.layer.2.intermediate.dense.weight]Loading weights:  49%|████▊     | 50/103 [00:00<00:00, 6256.98it/s, Materializing param=encoder.layer.2.output.LayerNorm.bias]    Loading weights:  49%|████▊     | 50/103 [00:00<00:00, 6238.92it/s, Materializing param=encoder.layer.2.output.LayerNorm.bias]Loading weights:  50%|████▉     | 51/103 [00:00<00:00, 6326.81it/s, Materializing param=encoder.layer.2.output.LayerNorm.weight]Loading weights:  50%|████▉     | 51/103 [00:00<00:00, 6307.97it/s, Materializing param=encoder.layer.2.output.LayerNorm.weight]Loading weights:  50%|█████     | 52/103 [00:00<00:00, 6396.01it/s, Materializing param=encoder.layer.2.output.dense.bias]      Loading weights:  50%|█████     | 52/103 [00:00<00:00, 6378.61it/s, Materializing param=encoder.layer.2.output.dense.bias]Loading weights:  51%|█████▏    | 53/103 [00:00<00:00, 6468.92it/s, Materializing param=encoder.layer.2.output.dense.weight]Loading weights:  51%|█████▏    | 53/103 [00:00<00:00, 6449.97it/s, Materializing param=encoder.layer.2.output.dense.weight]Loading weights:  52%|█████▏    | 54/103 [00:00<00:00, 6457.74it/s, Materializing param=encoder.layer.3.attention.output.LayerNorm.bias]Loading weights:  52%|█████▏    | 54/103 [00:00<00:00, 6433.90it/s, Materializing param=encoder.layer.3.attention.output.LayerNorm.bias]Loading weights:  53%|█████▎    | 55/103 [00:00<00:00, 6518.05it/s, Materializing param=encoder.layer.3.attention.output.LayerNorm.weight]Loading weights:  53%|█████▎    | 55/103 [00:00<00:00, 6498.77it/s, Materializing param=encoder.layer.3.attention.output.LayerNorm.weight]Loading weights:  54%|█████▍    | 56/103 [00:00<00:00, 6585.76it/s, Materializing param=encoder.layer.3.attention.output.dense.bias]      Loading weights:  54%|█████▍    | 56/103 [00:00<00:00, 6568.08it/s, Materializing param=encoder.layer.3.attention.output.dense.bias]Loading weights:  55%|█████▌    | 57/103 [00:00<00:00, 6655.03it/s, Materializing param=encoder.layer.3.attention.output.dense.weight]Loading weights:  55%|█████▌    | 57/103 [00:00<00:00, 6637.85it/s, Materializing param=encoder.layer.3.attention.output.dense.weight]Loading weights:  56%|█████▋    | 58/103 [00:00<00:00, 6725.17it/s, Materializing param=encoder.layer.3.attention.self.key.bias]      Loading weights:  56%|█████▋    | 58/103 [00:00<00:00, 6707.56it/s, Materializing param=encoder.layer.3.attention.self.key.bias]Loading weights:  57%|█████▋    | 59/103 [00:00<00:00, 6793.98it/s, Materializing param=encoder.layer.3.attention.self.key.weight]Loading weights:  57%|█████▋    | 59/103 [00:00<00:00, 6776.86it/s, Materializing param=encoder.layer.3.attention.self.key.weight]Loading weights:  58%|█████▊    | 60/103 [00:00<00:00, 6861.85it/s, Materializing param=encoder.layer.3.attention.self.query.bias]Loading weights:  58%|█████▊    | 60/103 [00:00<00:00, 6844.68it/s, Materializing param=encoder.layer.3.attention.self.query.bias]Loading weights:  59%|█████▉    | 61/103 [00:00<00:00, 6930.10it/s, Materializing param=encoder.layer.3.attention.self.query.weight]Loading weights:  59%|█████▉    | 61/103 [00:00<00:00, 6913.63it/s, Materializing param=encoder.layer.3.attention.self.query.weight]Loading weights:  60%|██████    | 62/103 [00:00<00:00, 6997.84it/s, Materializing param=encoder.layer.3.attention.self.value.bias]  Loading weights:  60%|██████    | 62/103 [00:00<00:00, 6980.37it/s, Materializing param=encoder.layer.3.attention.self.value.bias]Loading weights:  61%|██████    | 63/103 [00:00<00:00, 7064.33it/s, Materializing param=encoder.layer.3.attention.self.value.weight]Loading weights:  61%|██████    | 63/103 [00:00<00:00, 7046.81it/s, Materializing param=encoder.layer.3.attention.self.value.weight]Loading weights:  62%|██████▏   | 64/103 [00:00<00:00, 7130.71it/s, Materializing param=encoder.layer.3.intermediate.dense.bias]    Loading weights:  62%|██████▏   | 64/103 [00:00<00:00, 7113.32it/s, Materializing param=encoder.layer.3.intermediate.dense.bias]Loading weights:  63%|██████▎   | 65/103 [00:00<00:00, 7196.63it/s, Materializing param=encoder.layer.3.intermediate.dense.weight]Loading weights:  63%|██████▎   | 65/103 [00:00<00:00, 7179.95it/s, Materializing param=encoder.layer.3.intermediate.dense.weight]Loading weights:  64%|██████▍   | 66/103 [00:00<00:00, 7262.29it/s, Materializing param=encoder.layer.3.output.LayerNorm.bias]    Loading weights:  64%|██████▍   | 66/103 [00:00<00:00, 7245.57it/s, Materializing param=encoder.layer.3.output.LayerNorm.bias]Loading weights:  65%|██████▌   | 67/103 [00:00<00:00, 7327.15it/s, Materializing param=encoder.layer.3.output.LayerNorm.weight]Loading weights:  65%|██████▌   | 67/103 [00:00<00:00, 7309.43it/s, Materializing param=encoder.layer.3.output.LayerNorm.weight]Loading weights:  66%|██████▌   | 68/103 [00:00<00:00, 7391.23it/s, Materializing param=encoder.layer.3.output.dense.bias]      Loading weights:  66%|██████▌   | 68/103 [00:00<00:00, 7374.41it/s, Materializing param=encoder.layer.3.output.dense.bias]Loading weights:  67%|██████▋   | 69/103 [00:00<00:00, 7455.48it/s, Materializing param=encoder.layer.3.output.dense.weight]Loading weights:  67%|██████▋   | 69/103 [00:00<00:00, 7437.66it/s, Materializing param=encoder.layer.3.output.dense.weight]Loading weights:  68%|██████▊   | 70/103 [00:00<00:00, 7518.79it/s, Materializing param=encoder.layer.4.attention.output.LayerNorm.bias]Loading weights:  68%|██████▊   | 70/103 [00:00<00:00, 7501.12it/s, Materializing param=encoder.layer.4.attention.output.LayerNorm.bias]Loading weights:  69%|██████▉   | 71/103 [00:00<00:00, 7578.85it/s, Materializing param=encoder.layer.4.attention.output.LayerNorm.weight]Loading weights:  69%|██████▉   | 71/103 [00:00<00:00, 7561.14it/s, Materializing param=encoder.layer.4.attention.output.LayerNorm.weight]Loading weights:  70%|██████▉   | 72/103 [00:00<00:00, 7638.55it/s, Materializing param=encoder.layer.4.attention.output.dense.bias]      Loading weights:  70%|██████▉   | 72/103 [00:00<00:00, 7621.39it/s, Materializing param=encoder.layer.4.attention.output.dense.bias]Loading weights:  71%|███████   | 73/103 [00:00<00:00, 7698.68it/s, Materializing param=encoder.layer.4.attention.output.dense.weight]Loading weights:  71%|███████   | 73/103 [00:00<00:00, 7680.91it/s, Materializing param=encoder.layer.4.attention.output.dense.weight]Loading weights:  72%|███████▏  | 74/103 [00:00<00:00, 7757.52it/s, Materializing param=encoder.layer.4.attention.self.key.bias]      Loading weights:  72%|███████▏  | 74/103 [00:00<00:00, 7740.50it/s, Materializing param=encoder.layer.4.attention.self.key.bias]Loading weights:  73%|███████▎  | 75/103 [00:00<00:00, 7816.44it/s, Materializing param=encoder.layer.4.attention.self.key.weight]Loading weights:  73%|███████▎  | 75/103 [00:00<00:00, 7799.39it/s, Materializing param=encoder.layer.4.attention.self.key.weight]Loading weights:  74%|███████▍  | 76/103 [00:00<00:00, 7874.88it/s, Materializing param=encoder.layer.4.attention.self.query.bias]Loading weights:  74%|███████▍  | 76/103 [00:00<00:00, 7857.79it/s, Materializing param=encoder.layer.4.attention.self.query.bias]Loading weights:  75%|███████▍  | 77/103 [00:00<00:00, 7932.44it/s, Materializing param=encoder.layer.4.attention.self.query.weight]Loading weights:  75%|███████▍  | 77/103 [00:00<00:00, 7915.33it/s, Materializing param=encoder.layer.4.attention.self.query.weight]Loading weights:  76%|███████▌  | 78/103 [00:00<00:00, 7988.37it/s, Materializing param=encoder.layer.4.attention.self.value.bias]  Loading weights:  76%|███████▌  | 78/103 [00:00<00:00, 7970.47it/s, Materializing param=encoder.layer.4.attention.self.value.bias]Loading weights:  77%|███████▋  | 79/103 [00:00<00:00, 8040.72it/s, Materializing param=encoder.layer.4.attention.self.value.weight]Loading weights:  77%|███████▋  | 79/103 [00:00<00:00, 8023.59it/s, Materializing param=encoder.layer.4.attention.self.value.weight]Loading weights:  78%|███████▊  | 80/103 [00:00<00:00, 8096.14it/s, Materializing param=encoder.layer.4.intermediate.dense.bias]    Loading weights:  78%|███████▊  | 80/103 [00:00<00:00, 8078.98it/s, Materializing param=encoder.layer.4.intermediate.dense.bias]Loading weights:  79%|███████▊  | 81/103 [00:00<00:00, 8152.10it/s, Materializing param=encoder.layer.4.intermediate.dense.weight]Loading weights:  79%|███████▊  | 81/103 [00:00<00:00, 8134.92it/s, Materializing param=encoder.layer.4.intermediate.dense.weight]Loading weights:  80%|███████▉  | 82/103 [00:00<00:00, 8207.44it/s, Materializing param=encoder.layer.4.output.LayerNorm.bias]    Loading weights:  80%|███████▉  | 82/103 [00:00<00:00, 8190.24it/s, Materializing param=encoder.layer.4.output.LayerNorm.bias]Loading weights:  81%|████████  | 83/103 [00:00<00:00, 8261.21it/s, Materializing param=encoder.layer.4.output.LayerNorm.weight]Loading weights:  81%|████████  | 83/103 [00:00<00:00, 8243.99it/s, Materializing param=encoder.layer.4.output.LayerNorm.weight]Loading weights:  82%|████████▏ | 84/103 [00:00<00:00, 8314.18it/s, Materializing param=encoder.layer.4.output.dense.bias]      Loading weights:  82%|████████▏ | 84/103 [00:00<00:00, 8296.95it/s, Materializing param=encoder.layer.4.output.dense.bias]Loading weights:  83%|████████▎ | 85/103 [00:00<00:00, 8368.52it/s, Materializing param=encoder.layer.4.output.dense.weight]Loading weights:  83%|████████▎ | 85/103 [00:00<00:00, 8351.27it/s, Materializing param=encoder.layer.4.output.dense.weight]Loading weights:  83%|████████▎ | 86/103 [00:00<00:00, 8421.31it/s, Materializing param=encoder.layer.5.attention.output.LayerNorm.bias]Loading weights:  83%|████████▎ | 86/103 [00:00<00:00, 8404.05it/s, Materializing param=encoder.layer.5.attention.output.LayerNorm.bias]Loading weights:  84%|████████▍ | 87/103 [00:00<00:00, 8472.16it/s, Materializing param=encoder.layer.5.attention.output.LayerNorm.weight]Loading weights:  84%|████████▍ | 87/103 [00:00<00:00, 8453.12it/s, Materializing param=encoder.layer.5.attention.output.LayerNorm.weight]Loading weights:  85%|████████▌ | 88/103 [00:00<00:00, 8521.27it/s, Materializing param=encoder.layer.5.attention.output.dense.bias]      Loading weights:  85%|████████▌ | 88/103 [00:00<00:00, 8503.21it/s, Materializing param=encoder.layer.5.attention.output.dense.bias]Loading weights:  86%|████████▋ | 89/103 [00:00<00:00, 8570.81it/s, Materializing param=encoder.layer.5.attention.output.dense.weight]Loading weights:  86%|████████▋ | 89/103 [00:00<00:00, 8553.33it/s, Materializing param=encoder.layer.5.attention.output.dense.weight]Loading weights:  87%|████████▋ | 90/103 [00:00<00:00, 8620.60it/s, Materializing param=encoder.layer.5.attention.self.key.bias]      Loading weights:  87%|████████▋ | 90/103 [00:00<00:00, 8602.52it/s, Materializing param=encoder.layer.5.attention.self.key.bias]Loading weights:  88%|████████▊ | 91/103 [00:00<00:00, 8669.07it/s, Materializing param=encoder.layer.5.attention.self.key.weight]Loading weights:  88%|████████▊ | 91/103 [00:00<00:00, 8651.77it/s, Materializing param=encoder.layer.5.attention.self.key.weight]Loading weights:  89%|████████▉ | 92/103 [00:00<00:00, 8718.59it/s, Materializing param=encoder.layer.5.attention.self.query.bias]Loading weights:  89%|████████▉ | 92/103 [00:00<00:00, 8701.29it/s, Materializing param=encoder.layer.5.attention.self.query.bias]Loading weights:  90%|█████████ | 93/103 [00:00<00:00, 8767.59it/s, Materializing param=encoder.layer.5.attention.self.query.weight]Loading weights:  90%|█████████ | 93/103 [00:00<00:00, 8749.50it/s, Materializing param=encoder.layer.5.attention.self.query.weight]Loading weights:  91%|█████████▏| 94/103 [00:00<00:00, 8815.50it/s, Materializing param=encoder.layer.5.attention.self.value.bias]  Loading weights:  91%|█████████▏| 94/103 [00:00<00:00, 8797.41it/s, Materializing param=encoder.layer.5.attention.self.value.bias]Loading weights:  92%|█████████▏| 95/103 [00:00<00:00, 8862.72it/s, Materializing param=encoder.layer.5.attention.self.value.weight]Loading weights:  92%|█████████▏| 95/103 [00:00<00:00, 8844.62it/s, Materializing param=encoder.layer.5.attention.self.value.weight]Loading weights:  93%|█████████▎| 96/103 [00:00<00:00, 8908.65it/s, Materializing param=encoder.layer.5.intermediate.dense.bias]    Loading weights:  93%|█████████▎| 96/103 [00:00<00:00, 8891.34it/s, Materializing param=encoder.layer.5.intermediate.dense.bias]Loading weights:  94%|█████████▍| 97/103 [00:00<00:00, 8955.68it/s, Materializing param=encoder.layer.5.intermediate.dense.weight]Loading weights:  94%|█████████▍| 97/103 [00:00<00:00, 8938.36it/s, Materializing param=encoder.layer.5.intermediate.dense.weight]Loading weights:  95%|█████████▌| 98/103 [00:00<00:00, 9002.43it/s, Materializing param=encoder.layer.5.output.LayerNorm.bias]    Loading weights:  95%|█████████▌| 98/103 [00:00<00:00, 8984.91it/s, Materializing param=encoder.layer.5.output.LayerNorm.bias]Loading weights:  96%|█████████▌| 99/103 [00:00<00:00, 9048.51it/s, Materializing param=encoder.layer.5.output.LayerNorm.weight]Loading weights:  96%|█████████▌| 99/103 [00:00<00:00, 9031.19it/s, Materializing param=encoder.layer.5.output.LayerNorm.weight]Loading weights:  97%|█████████▋| 100/103 [00:00<00:00, 9094.13it/s, Materializing param=encoder.layer.5.output.dense.bias]     Loading weights:  97%|█████████▋| 100/103 [00:00<00:00, 9076.81it/s, Materializing param=encoder.layer.5.output.dense.bias]Loading weights:  98%|█████████▊| 101/103 [00:00<00:00, 9140.28it/s, Materializing param=encoder.layer.5.output.dense.weight]Loading weights:  98%|█████████▊| 101/103 [00:00<00:00, 9122.96it/s, Materializing param=encoder.layer.5.output.dense.weight]Loading weights:  99%|█████████▉| 102/103 [00:00<00:00, 9185.00it/s, Materializing param=pooler.dense.bias]                  Loading weights:  99%|█████████▉| 102/103 [00:00<00:00, 9168.47it/s, Materializing param=pooler.dense.bias]Loading weights: 100%|██████████| 103/103 [00:00<00:00, 9232.63it/s, Materializing param=pooler.dense.weight]Loading weights: 100%|██████████| 103/103 [00:00<00:00, 9215.30it/s, Materializing param=pooler.dense.weight]Loading weights: 100%|██████████| 103/103 [00:00<00:00, 9179.08it/s, Materializing param=pooler.dense.weight]
BertModel LOAD REPORT from: sentence-transformers/all-MiniLM-L6-v2
Key                     | Status     |  | 
------------------------+------------+--+-
embeddings.position_ids | UNEXPECTED |  | 

Notes:
- UNEXPECTED	:can be ignored when loading from different task/architecture; not ok if you expect identical arch.
Initializing FAISS Vector Store...
Input: Image='test_meal.jpg', Query='Is this good for building muscle?'

--- Result ---
{'foods': [{'name': 'grilled_salmon', 'confidence': 0.834871768951416, 'bbox': None}, {'name': 'chicken_curry', 'confidence': 0.05972567945718765, 'bbox': None}, {'name': 'fried_rice', 'confidence': 0.01317763701081276, 'bbox': None}], 'advice': [{'type': 'text', 'text': 'Yes, this combination is **excellent for building muscle**, as it provides a strong balance of protein and energy-giving carbohydrates.\n\n### Nutritional Analysis:\n*   **Protein (Grilled Salmon & Chicken Curry):** Both are high-quality protein sources. As noted in our context, chicken is essential for **muscle repair**, while salmon provides protein plus omega-3 fatty acids to support overall recovery.\n*   **Carbohydrates (Fried Rice):** Based on general nutritional knowledge, the rice provides the necessary carbohydrates to fuel your workouts and replenish glycogen stores in your muscles.\n*   **Healthy Fats:** The salmon provides healthy fats that support hormone production, which is vital for muscle growth.\n\n### Advice:\n*   **Watch the Preparation:** While the ingredients are good, "fried" rice and "curry" can sometimes be high in saturated fats and sodium depending on how they are prepared. \n*   **Add Greens:** To make this even better, consider adding a vegetable like **broccoli** (mentioned in our context for its health-boosting properties) to provide micronutrients that aid metabolism.\n*   **Portioning:** Ensure your protein portion (salmon/chicken) is sufficient to meet your specific muscle-building goals.\n\n*Note: Advice regarding the specific preparation of fried rice and curry is based on general nutritional knowledge.*', 'extras': {'signature': 'Eu4QCusQAXLI2nxH7UTPGcX0s2T75a1WJdE42TH7qMSFco0XLzg/5/KTBlQNddgFEHum/gOOoLuNZjZzpy1XuVymKgCv6pVBAq4/35++Qw3zMpEXp06749nlYhEJkX2p0vVafjInUamsNDOhJArYjmfBE9eoBJrOzBfn4W1KzWHTz/LhmMAv9DOaJ3BTir7ddZ8Ofh1UHHA8HP+JQ6yauVVSnM2bCXzdMuGf136EZ8axBgDUKw5fTVpMXjulaq2DXKe8yy0tKXCV7jIsk6qjjkim4Hzw6joM2SXWVjs4lO2qxaViwD7sSRyPVG3u8aqqewoyQCpaDQsI60dd24ZjFmzC6q6t/Hm/YzfsLsyKVxLutY/8iuIKGZA+huAr7p6L/naWJYH6oTcch9QCuetj6QGGagPg5Y2obTonQ1cOV505Byeok+CTvYlJFu2M1SX012CaqPKdsCa+TBeU8gB6X+ZE9kRXAu+2bK3CNoqp5XOvidSyQzQF1TxutzrpmpGqGeCFLE+ElNcT7N3SaisfLwGEz0szMIGLh2CmeYZmgkNB3EH8jOI4YUuwD4j3YCEz+nvVl5Kinkhp+M0gA32PmqPej8c7THKHuOwaC/SAiNShNUo5dOzoIHpFvvRTgX3RNaZoKJ0SrktV4NLC/ztY2rg1fNVrF9nLTikaHsBBcUomTVreKHxS8BHmtCpLzTT0CBze0t5EmYVadov23kGNj33k6+66TjQ5GKzjNRqJfZ/4dpUVbKs+ckdwnTh6t3JktiljEqjDSOy4ZJCMiTXCQjBmdZ2RtKjBGn6HDzQB9hjH1vDupqhG56N/keisR3cJxR7xzl3rhEVkeH4bvpRVHiIZTFAuRgOgJ9ksEb8ph3ae9j+upyVB37xWe4rLpU5Qx417x7Pm3i4CIbL74QG8mFMfE3hOcX1FMmvtTNZpeFYwICvrtN1XOLwh+ZUZP+gk9hrj/5KksjywH84ngfBRK1ottckcl/qXGyO7lvICVj8hlBcVwEf+d/ZsO8fucOPHgv6v17o0Tm94FwNSvtZir+SZu6NRyhj5uXfW2ReGrqdPnfW4KiVnn6+BcXwKIBhzH1hEHOa5BWLjYYGig2Gp65fdYpsOSgEhUhYTfyxDeRlPnRCwsp2RnoR2oxvsjlq/O2o5u5M/qk+Eiq2WBT7JLa8zqmGTfcCLiqJMpM/pkQoDPGT8mQdHiKXOIkfi4KaHpiKeBvmCwfwV2MMG2/jq5pyiLV9nj1V0mmImm1SLrK8OyJjkIaAjCZijfT/YVOuoZVXu8IvqVhDIFv8Q/z6F5SzwkSTMJqb6kb3gdBOp6esnctCyR7rSjDHZefveGKXmTMk5xrnTzEhtvfnZyhCuGTHwUYn0su/ITrFV4Igo1n1PqgkTctcFBrxMUDqU6r4MpxiJ6sCZ8VF5riZXueOJU+HTc7z47XokOuibDXuVyLJg9t+KKUXOmNK71iBRXAHyFISnh2ctnYufoABu1GE9n9Miwz+kYplL/Pf3EjUh0VJiZJjrTKdZnu8pqz2SMLpERxI7gidOEK26Iu5dTAiT+t06v78U6jjQprf6g659MNr8nW9YwxUl45HeNBaRtB39skdB/nJfYQ501C5Ymu7K853tKDB8puQBWM1QpDOjCX8FSpb2lsJo5zWgzLM0Fckr8aMIcju1Pu+vFalzQh66nEUcbgSnmLitk6YSn15GVpiirp4rL9qxJjNBXgoQZomO50W4HYtBB4Sfey/Fd3FnEqDpX7juPJ/IKwhigesIbFX8De7CwWECzIhYO/r7NOMX7Liy0wUUTGaDWujDFHykSHNK4kVMlVB7YSYiNy/o679Vy08Iy6ECZHrW5mzGjD/Luieq7ajeLNFSmOkzpQw/Mf9wFfsd8hBZ23THah+63GPazS21ZL9Sq98Y9lsB2Fg8YTBfp2ghxILewy4MAah5RDsYXRAJQDsSaUatvJy8kn0IszEFFEWgUDhF8jpdGu9VJhRnIIOaSNTs4XdeuGIExBhecGkAt+DsWDBPjlNmDOvJi8Txry1p1xrazA4XvNBItbZBrjkpb83F6PonWXKl/aIcI1eOyxILFwVfxy0Rd4TwXhWoGMHRfcJtO8q1gby5purEf5WBe7zwwhuSrbINvW/DXzJep5NXoSyuLFNJg3eWVFcMyUe2SEoSGPCTrUA+coX94aIb9+arvItwrm07WGViyZTP2A1x4/Lfcx1lFELtnJqV22visPb0DskDftaqvJ2D7+ff5O2CXs7xhwL530i7n2WR0w+x/52ueNdPOxOSQZCM2NF1fKAmJ+EmJRfSgST4YyIGYNekCb5Lb6luGVjbIajm0QZJ1EcxVG0jAKXhMf77mpnaEQ6GPCpwTCCKTgdICYH57axq7THQNxwL/zIdCRdRXSxaS5zXXBfcZIP/HYGyP60P2tYKSoFgPjmfh/F01GPq9kFJC7KCCGoKWocU4zvp+5606nWGnobdjYWz0ei2yFnXwQEnwe2yXr2OHDFo9tiGDK8ixUEhPY839xN0TGW4eTPVZvKgE9/kj1wLPD4DT6dDk2JD05BOa4k0SDhTwfjCgkdc2u7l87tXfnBmcpxmBi+DlOTuW+x0cl5ExTmwAs/H7J+wiPPTOE06EkmnLm7ZwFgJrf3xuYbdXygYFd/pBJcAlwmxakJK3wNWea163bQQpLpTIzg7KPlEDuMpFCKK/nygQjBz2GcMmEgsQvZ2vI/TzU7/p+OiBdnpLwNduCpcd3HwRpPPXDRbY9wZrN6f6vyLSKPUNAGPUWGLOseLDGFWnMFNnkdu+lvqA6hWyqrVajb+jtybWu/oaSgI0o+0wJz8vOETdVgEKhGVc4OUqGqsVSzV04GTyOsp6wY+qO0WiXGMYeO7lMtNyQ=='}}]}
Traceback (most recent call last):
  File "/Users/wangchu/Documents/Capstone/AIG200Capstone/tests/test_nutrition_agent.py", line 34, in <module>
    test_nutrition_agent_flow()
    ~~~~~~~~~~~~~~~~~~~~~~~~~^^
  File "/Users/wangchu/Documents/Capstone/AIG200Capstone/tests/test_nutrition_agent.py", line 29, in test_nutrition_agent_flow
    assert "building muscle" in result["advice"] or "good" in result["advice"] or "fit" in result["advice"] # Loose check on mock
           ^^^^^^^^^^^^^^^^^^^^^^^^^^^^^^^^^^^^^^^^^^^^^^^^^^^^^^^^^^^^^^^^^^^^^^^^^^^^^^^^^^^^^^^^^^^^^^^^
AssertionError
